################################################################################
#                                                                              #
#      IAR Universal Linker V5.3.2.26                                          #
#                                                                              #
#           Link time     =  31/May/2016  20:20:42                             #
#           Target CPU    =  MSP430                                            #
#           List file     =  F:\git_a\wireless_test\Debug\List\wirelessWB.map  #
#           Output file 1 =  F:\git_a\wireless_test\Debug\Exe\wirelessWB.d43   #
#                            Format: debug                                     #
#                            UBROF version 10.0.6                              #
#                            Using library modules for C-SPY (-rt)             #
#           Command line  =  F:\git_a\wireless_test\Debug\Obj\CalFromTab.r43   #
#                            F:\git_a\wireless_test\Debug\Obj\CommDo.r43       #
#                            F:\git_a\wireless_test\Debug\Obj\DispDataDo.r43   #
#                            F:\git_a\wireless_test\Debug\Obj\FlashWR.r43      #
#                            F:\git_a\wireless_test\Debug\Obj\InitSys.r43      #
#                            F:\git_a\wireless_test\Debug\Obj\InputDo.r43      #
#                            F:\git_a\wireless_test\Debug\Obj\Key.r43          #
#                            F:\git_a\wireless_test\Debug\Obj\LcdDriver.r43    #
#                            F:\git_a\wireless_test\Debug\Obj\main.r43 -o      #
#                            F:\git_a\wireless_test\Debug\Exe\wirelessWB.d43   #
#                            -l                                                #
#                            F:\git_a\wireless_test\Debug\List\wirelessWB.map  #
#                            -xmso                                             #
#                            "-IC:\Program Files\IAR Systems\Embedded Workbenc #
#                            h 6.4 Evaluation\430\LIB\"                        #
#                            -f                                                #
#                            "C:\Program Files\IAR Systems\Embedded Workbench  #
#                            6.4 Evaluation\430\CONFIG\lnk430F149.xcl"         #
#                            (-cmsp430 -QCODE_I=CODE_ID                        #
#                            -Z(DATA)DATA16_I,DATA16_Z,DATA16_N,TLS16_I,DATA16 #
#                            _HEAP+_DATA16_HEAP_SIZE=0200-09FF                 #
#                            -Z(DATA)CODE_I -Z(DATA)CSTACK+_STACK_SIZE#        #
#                            -Z(CONST)INFO=1000-10FF                           #
#                            -Z(CONST)INFOA=1080-10FF                          #
#                            -Z(CONST)INFOB=1000-107F                          #
#                            -Z(CONST)DATA16_C,DATA16_ID,TLS16_ID,DIFUNCT,CHEC #
#                            KSUM=1100-FFDF                                    #
#                            -Z(CODE)CSTART,ISR_CODE,CODE_ID=1100-FFDF         #
#                            -P(CODE)CODE=1100-FFDF -Z(CODE)INTVEC=FFE0-FFFF   #
#                            -Z(CODE)RESET=FFFE-FFFF) -f                       #
#                            "C:\Program Files\IAR Systems\Embedded Workbench  #
#                            6.4 Evaluation\430\config\multiplier.xcl"         #
#                            (-e?Mul8Hw=?Mul8 -e?Mul16Hw=?Mul16                #
#                            -e?Mul16to32uHw=?Mul16to32u                       #
#                            -e?Mul16to32sHw=?Mul16to32s -e?Mul32Hw=?Mul32     #
#                            -e_Mul64iHw=_Mul64i                               #
#                            -e_Mul32u32uto64iHw=_Mul32u32uto64i               #
#                            -e?Mul32fHw=_Mul32f -e_Mul64fHwPtr=_Mul64fPtr)    #
#                            -D_STACK_SIZE=B4 -rt                              #
#                            "C:\Program Files\IAR Systems\Embedded Workbench  #
#                            6.4 Evaluation\430\LIB\DLIB\dl430fn.r43"          #
#                            -e_PrintfLarge=_Printf -e_ScanfLarge=_Scanf       #
#                            -D_DATA16_HEAP_SIZE=B4 -s __program_start         #
#                            -D_DATA20_HEAP_SIZE=50                            #
#                                                                              #
#                           Copyright (C) 1987-2012 IAR Systems AB.            #
################################################################################





                ****************************************
                *                                      *
                *           CROSS REFERENCE            *
                *                                      *
                ****************************************

       Program entry at :           2BBE  Relocatable, from module : ?cstart




                ****************************************
                *                                      *
                *            RUNTIME MODEL             *
                *                                      *
                ****************************************

  __Heap_Handler             = Basic
  __SystemLibrary            = DLib
  __core                     = 430
  __dlib_file_descriptor     = 0
  __dlib_full_locale_support = 0
  __double_size              = 32
  __pic                      = no
  __reg_r4                   = free
  __reg_r5                   = free
  __rt_version               = 3

                ****************************************
                *                                      *
                *    AUTOMATIC SYMBOL REDIRECTIONS     *
                *                                      *
                ****************************************

                  There are no automatic symbol redirections.



                ****************************************
                *                                      *
                *              MODULE MAP              *
                *                                      *
                ****************************************


  DEFINED ABSOLUTE ENTRIES
    *************************************************************************

  DEFINED ABSOLUTE ENTRIES
  PROGRAM MODULE, NAME : ?ABS_ENTRY_MOD

Absolute parts
           ENTRY                   ADDRESS         REF BY
           =====                   =======         ======
           _DATA20_HEAP_SIZE       0050 
           _DATA16_HEAP_SIZE       00B4 
           _STACK_SIZE             00B4 
    *************************************************************************

  FILE NAME : F:\git_a\wireless_test\Debug\Obj\CalFromTab.r43
  PROGRAM MODULE, NAME : CalFromTab

  SEGMENTS IN THE MODULE
  ======================
DATA16_C
  Relative segment, address: 1100 - 1145 (0x46 bytes), align: 1
  Segment part 2.             Intra module refs:   SearchTab
           ENTRY                   ADDRESS         REF BY
           =====                   =======         ======
           tb_pt1000               1100 
    -------------------------------------------------------------------------
<CODE> 1 (was CODE)
  Relative segment, address: 5388 - 5553 (0x1cc bytes), align: 1
  Segment part 4.
           ENTRY                   ADDRESS         REF BY
           =====                   =======         ======
           CalFromTab              5388            main (main)
               calls direct
               CSTACK = 00000000 ( 00000014 )
    -------------------------------------------------------------------------
<CODE> 1 (was CODE)
  Relative segment, address: 59E0 - 5B2B (0x14c bytes), align: 1
  Segment part 3.             Intra module refs:   CalFromTab
           ENTRY                   ADDRESS         REF BY
           =====                   =======         ======
           SearchTab               59E0 
               calls direct
               CSTACK = 00000000 ( 00000014 )

    *************************************************************************

  FILE NAME : F:\git_a\wireless_test\Debug\Obj\CommDo.r43
  PROGRAM MODULE, NAME : CommDo

  SEGMENTS IN THE MODULE
  ======================
DATA16_AN
  Relative segment, address: 0120 - 0121 (0x2 bytes), align: 0
  Segment part 1. ROOT.       Intra module refs:   CommSentData
                                                   Port2Int (main)
                                                   TimerB0Int (main)
                                                   TimerB1Int (main)
                                                   WRFlash (FlashWR)
                                                   main (main)
           ENTRY                   ADDRESS         REF BY
           =====                   =======         ======
           _A_WDTCTL               0120 
           LOCAL                   ADDRESS         
           =====                   =======         
           WDTCTL                  0120 
           WDTCTL_bit              0120 
    -------------------------------------------------------------------------
DATA16_AN
  Relative segment, address: 0019 - 0019 (0x1 bytes), align: 0
  Segment part 2. ROOT.       Intra module refs:   CommSentData
                                                   GoIntoActiveMode (main)
                                                   GoIntoSleepMode (main)
                                                   Port1Int (main)
                                                   SPCInit (main)
                                                   TimerB0Int (main)
                                                   TimerB1Int (main)
                                                   main (main)
           ENTRY                   ADDRESS         REF BY
           =====                   =======         ======
           _A_P3OUT                0019 
           LOCAL                   ADDRESS         
           =====                   =======         
           P3OUT                   0019 
           P3OUT_bit               0019 
    -------------------------------------------------------------------------
DATA16_AN
  Relative segment, address: 001D - 001D (0x1 bytes), align: 0
  Segment part 3. ROOT.       Intra module refs:   CheckBusy (LcdDriver)
                                                   CommSentData
                                                   GoIntoSleepMode (main)
                                                   InitSysBasic (InitSys)
                                                   LcdInit (LcdDriver)
                                                   SPCInit (main)
                                                   TimerB1Int (main)
                                                   WriteCommand (LcdDriver)
                                                   WriteData (LcdDriver)
                                                   main (main)
           ENTRY                   ADDRESS         REF BY
           =====                   =======         ======
           _A_P4OUT                001D 
           LOCAL                   ADDRESS         
           =====                   =======         
           P4OUT                   001D 
           P4OUT_bit               001D 
    -------------------------------------------------------------------------
DATA16_Z
  Relative segment, address: 02A2 - 02A5 (0x4 bytes), align: 1
  Segment part 5.             Intra module refs:   CommNormalData
                                                   CommSentData
           ENTRY                   ADDRESS         REF BY
           =====                   =======         ======
           float_byte              02A2 
    -------------------------------------------------------------------------
<CODE> 1 (was CODE)
  Relative segment, address: 3C9E - 4371 (0x6d4 bytes), align: 1
  Segment part 11.
           ENTRY                   ADDRESS         REF BY
           =====                   =======         ======
           CommSentData            3C9E            main (main)
               calls direct
               CSTACK = 00000000 ( 0000000A )
    -------------------------------------------------------------------------
<CODE> 1 (was CODE)
  Relative segment, address: 5D8E - 5EB1 (0x124 bytes), align: 1
  Segment part 10.            Intra module refs:   CommSentData
           ENTRY                   ADDRESS         REF BY
           =====                   =======         ======
           CommNormalData          5D8E            main (main)
               calls direct
               CSTACK = 00000000 ( 00000004 )
    -------------------------------------------------------------------------
<CODE> 1 (was CODE)
  Relative segment, address: 5FCE - 60D7 (0x10a bytes), align: 1
  Segment part 9.
           ENTRY                   ADDRESS         REF BY
           =====                   =======         ======
           ConfigDataWrite         5FCE            main (main)
               CSTACK = 00000000 ( 00000002 )
    -------------------------------------------------------------------------
<CODE> 1 (was CODE)
  Relative segment, address: 6FF6 - 7045 (0x50 bytes), align: 1
  Segment part 8.
           ENTRY                   ADDRESS         REF BY
           =====                   =======         ======
           ConfigDataRead          6FF6            main (main)
               CSTACK = 00000000 ( 00000002 )
    -------------------------------------------------------------------------
DATA16_C
  Relative segment, address: 1146 - 1165 (0x20 bytes), align: 1
  Segment part 6.             Intra module refs:   CrcCheck
           ENTRY                   ADDRESS         REF BY
           =====                   =======         ======
           crc_table               1146 
    -------------------------------------------------------------------------
<CODE> 1 (was CODE)
  Relative segment, address: 6CB0 - 6D1D (0x6e bytes), align: 1
  Segment part 7.             Intra module refs:   CommNormalData
                                                   CommSentData
           ENTRY                   ADDRESS         REF BY
           =====                   =======         ======
           CrcCheck                6CB0 
               CSTACK = 00000000 ( 00000004 )

    *************************************************************************

  FILE NAME : F:\git_a\wireless_test\Debug\Obj\DispDataDo.r43
  PROGRAM MODULE, NAME : DispDataDo

  SEGMENTS IN THE MODULE
  ======================
<CODE> 1 (was CODE)
  Relative segment, address: 63F4 - 64A1 (0xae bytes), align: 1
  Segment part 5.
           ENTRY                   ADDRESS         REF BY
           =====                   =======         ======
           SetDataDisp             63F4            Key (Key)
               calls direct
               CSTACK = 00000000 ( 0000000A )
    -------------------------------------------------------------------------
<CODE> 1 (was CODE)
  Relative segment, address: 5198 - 5387 (0x1f0 bytes), align: 1
  Segment part 2.             Intra module refs:   NormalDisp
           ENTRY                   ADDRESS         REF BY
           =====                   =======         ======
           DigitalRefresh          5198            TimerB1Int (main)
               calls direct
               CSTACK = 00000000 ( 0000000A )
    -------------------------------------------------------------------------
<CODE> 1 (was CODE)
  Relative segment, address: 6D1E - 6D85 (0x68 bytes), align: 1
  Segment part 4.
           ENTRY                   ADDRESS         REF BY
           =====                   =======         ======
           MenuDisp                6D1E            Key (Key)
               calls direct
               CSTACK = 00000000 ( 00000002 )
    -------------------------------------------------------------------------
<CODE> 1 (was CODE)
  Relative segment, address: 4F3A - 5197 (0x25e bytes), align: 1
  Segment part 3.
           ENTRY                   ADDRESS         REF BY
           =====                   =======         ======
           NormalDisp              4F3A            CommSentData (CommDo)
                                                   Key (Key)
                                                   TimerB1Int (main)
                                                   main (main)
               calls direct
               CSTACK = 00000000 ( 00000002 )

    *************************************************************************

  FILE NAME : F:\git_a\wireless_test\Debug\Obj\FlashWR.r43
  PROGRAM MODULE, NAME : FlashWR

  SEGMENTS IN THE MODULE
  ======================
DATA16_AN
  Relative segment, address: 0128 - 0129 (0x2 bytes), align: 0
  Segment part 2. ROOT.       Intra module refs:   WRFlash
           ENTRY                   ADDRESS         REF BY
           =====                   =======         ======
           _A_FCTL1                0128 
           LOCAL                   ADDRESS         
           =====                   =======         
           FCTL1                   0128 
           FCTL1_bit               0128 
    -------------------------------------------------------------------------
DATA16_AN
  Relative segment, address: 012C - 012D (0x2 bytes), align: 0
  Segment part 3. ROOT.       Intra module refs:   RDFlash
                                                   WRFlash
           ENTRY                   ADDRESS         REF BY
           =====                   =======         ======
           _A_FCTL3                012C 
           LOCAL                   ADDRESS         
           =====                   =======         
           FCTL3                   012C 
           FCTL3_bit               012C 
    -------------------------------------------------------------------------
<CODE> 1 (was CODE)
  Relative segment, address: 7092 - 70D9 (0x48 bytes), align: 1
  Segment part 6.
           ENTRY                   ADDRESS         REF BY
           =====                   =======         ======
           WRFlash                 7092            CommSentData (CommDo)
                                                   Key (Key)
                                                   main (main)
               CSTACK = 00000000 ( 00000002 )
    -------------------------------------------------------------------------
<CODE> 1 (was CODE)
  Relative segment, address: 719A - 71D1 (0x38 bytes), align: 1
  Segment part 5.
           ENTRY                   ADDRESS         REF BY
           =====                   =======         ======
           RDFlash                 719A            CommSentData (CommDo)
                                                   Key (Key)
                                                   main (main)
               CSTACK = 00000000 ( 00000004 )

    *************************************************************************

  FILE NAME : F:\git_a\wireless_test\Debug\Obj\InitSys.r43
  PROGRAM MODULE, NAME : InitSys

  SEGMENTS IN THE MODULE
  ======================
DATA16_AN
  Relative segment, address: 0000 - 0000 (0x1 bytes), align: 0
  Segment part 1. ROOT.       Intra module refs:   InitSysForActive
                                                   InitSysForPowerOff
                                                   InitSysForStandby
           ENTRY                   ADDRESS         REF BY
           =====                   =======         ======
           _A_IE1                  0000 
           LOCAL                   ADDRESS         
           =====                   =======         
           IE1                     0000 
           IE1_bit                 0000 
    -------------------------------------------------------------------------
DATA16_AN
  Relative segment, address: 0004 - 0004 (0x1 bytes), align: 0
  Segment part 2. ROOT.       Intra module refs:   GoIntoSleepMode (main)
                                                   InitSysForActive
                                                   InitSysForPowerOff
                                                   InitSysForStandby
                                                   main (main)
                                                   receive_int (main)
           ENTRY                   ADDRESS         REF BY
           =====                   =======         ======
           _A_ME1                  0004 
           LOCAL                   ADDRESS         
           =====                   =======         
           ME1                     0004 
           ME1_bit                 0004 
    -------------------------------------------------------------------------
DATA16_AN
  Relative segment, address: 0021 - 0021 (0x1 bytes), align: 0
  Segment part 3. ROOT.       Intra module refs:   InitSysBasic
                                                   InitSysForPowerOff
                                                   InitSysForStandby
           ENTRY                   ADDRESS         REF BY
           =====                   =======         ======
           _A_P1OUT                0021 
           LOCAL                   ADDRESS         
           =====                   =======         
           P1OUT                   0021 
           P1OUT_bit               0021 
    -------------------------------------------------------------------------
DATA16_AN
  Relative segment, address: 0022 - 0022 (0x1 bytes), align: 0
  Segment part 4. ROOT.       Intra module refs:   InitSysBasic
                                                   InitSysForActive
                                                   InitSysForPowerOff
                                                   InitSysForStandby
           ENTRY                   ADDRESS         REF BY
           =====                   =======         ======
           _A_P1DIR                0022 
           LOCAL                   ADDRESS         
           =====                   =======         
           P1DIR                   0022 
           P1DIR_bit               0022 
    -------------------------------------------------------------------------
DATA16_AN
  Relative segment, address: 0023 - 0023 (0x1 bytes), align: 0
  Segment part 5. ROOT.       Intra module refs:   InitSysForActive
                                                   InitSysForStandby
                                                   Port1Int (main)
                                                   main (main)
           ENTRY                   ADDRESS         REF BY
           =====                   =======         ======
           _A_P1IFG                0023 
           LOCAL                   ADDRESS         
           =====                   =======         
           P1IFG                   0023 
           P1IFG_bit               0023 
    -------------------------------------------------------------------------
DATA16_AN
  Relative segment, address: 0024 - 0024 (0x1 bytes), align: 0
  Segment part 6. ROOT.       Intra module refs:   InitSysForActive
                                                   InitSysForStandby
           ENTRY                   ADDRESS         REF BY
           =====                   =======         ======
           _A_P1IES                0024 
           LOCAL                   ADDRESS         
           =====                   =======         
           P1IES                   0024 
           P1IES_bit               0024 
    -------------------------------------------------------------------------
DATA16_AN
  Relative segment, address: 0025 - 0025 (0x1 bytes), align: 0
  Segment part 7. ROOT.       Intra module refs:   GoIntoSleepMode (main)
                                                   InitSysBasic
                                                   InitSysForActive
                                                   InitSysForPowerOff
                                                   InitSysForStandby
                                                   Port1Int (main)
                                                   TimerB0Int (main)
                                                   TimerB1Int (main)
           ENTRY                   ADDRESS         REF BY
           =====                   =======         ======
           _A_P1IE                 0025 
           LOCAL                   ADDRESS         
           =====                   =======         
           P1IE                    0025 
           P1IE_bit                0025 
    -------------------------------------------------------------------------
DATA16_AN
  Relative segment, address: 0026 - 0026 (0x1 bytes), align: 0
  Segment part 8. ROOT.       Intra module refs:   InitSysForActive
                                                   InitSysForPowerOff
                                                   InitSysForStandby
           ENTRY                   ADDRESS         REF BY
           =====                   =======         ======
           _A_P1SEL                0026 
           LOCAL                   ADDRESS         
           =====                   =======         
           P1SEL                   0026 
           P1SEL_bit               0026 
    -------------------------------------------------------------------------
DATA16_AN
  Relative segment, address: 0029 - 0029 (0x1 bytes), align: 0
  Segment part 9. ROOT.       Intra module refs:   GoIntoActiveMode (main)
                                                   GoIntoSleepMode (main)
                                                   InitSysForPowerOff
                                                   InitSysForStandby
                                                   InputDo (InputDo)
                                                   Port2Int (main)
                                                   SPCInit (main)
                                                   main (main)
           ENTRY                   ADDRESS         REF BY
           =====                   =======         ======
           _A_P2OUT                0029 
           LOCAL                   ADDRESS         
           =====                   =======         
           P2OUT                   0029 
           P2OUT_bit               0029 
    -------------------------------------------------------------------------
DATA16_AN
  Relative segment, address: 002A - 002A (0x1 bytes), align: 0
  Segment part 10. ROOT.      Intra module refs:   InitSysBasic
                                                   InitSysForActive
                                                   InitSysForPowerOff
                                                   InitSysForStandby
           ENTRY                   ADDRESS         REF BY
           =====                   =======         ======
           _A_P2DIR                002A 
           LOCAL                   ADDRESS         
           =====                   =======         
           P2DIR                   002A 
           P2DIR_bit               002A 
    -------------------------------------------------------------------------
DATA16_AN
  Relative segment, address: 002B - 002B (0x1 bytes), align: 0
  Segment part 11. ROOT.      Intra module refs:   GoIntoSleepMode (main)
                                                   InitSysBasic
                                                   Port2Int (main)
                                                   TimerB1Int (main)
                                                   main (main)
           ENTRY                   ADDRESS         REF BY
           =====                   =======         ======
           _A_P2IFG                002B 
           LOCAL                   ADDRESS         
           =====                   =======         
           P2IFG                   002B 
           P2IFG_bit               002B 
    -------------------------------------------------------------------------
DATA16_AN
  Relative segment, address: 002C - 002C (0x1 bytes), align: 0
  Segment part 12. ROOT.      Intra module refs:   GoIntoSleepMode (main)
                                                   InitSysBasic
                                                   TimerB1Int (main)
                                                   main (main)
           ENTRY                   ADDRESS         REF BY
           =====                   =======         ======
           _A_P2IES                002C 
           LOCAL                   ADDRESS         
           =====                   =======         
           P2IES                   002C 
           P2IES_bit               002C 
    -------------------------------------------------------------------------
DATA16_AN
  Relative segment, address: 002D - 002D (0x1 bytes), align: 0
  Segment part 13. ROOT.      Intra module refs:   GoIntoSleepMode (main)
                                                   InitSysBasic
                                                   Port2Int (main)
                                                   TimerB1Int (main)
                                                   main (main)
           ENTRY                   ADDRESS         REF BY
           =====                   =======         ======
           _A_P2IE                 002D 
           LOCAL                   ADDRESS         
           =====                   =======         
           P2IE                    002D 
           P2IE_bit                002D 
    -------------------------------------------------------------------------
DATA16_AN
  Relative segment, address: 001A - 001A (0x1 bytes), align: 0
  Segment part 14. ROOT.      Intra module refs:   InitSysBasic
           ENTRY                   ADDRESS         REF BY
           =====                   =======         ======
           _A_P3DIR                001A 
           LOCAL                   ADDRESS         
           =====                   =======         
           P3DIR                   001A 
           P3DIR_bit               001A 
    -------------------------------------------------------------------------
DATA16_AN
  Relative segment, address: 001B - 001B (0x1 bytes), align: 0
  Segment part 15. ROOT.      Intra module refs:   InitSysBasic
           ENTRY                   ADDRESS         REF BY
           =====                   =======         ======
           _A_P3SEL                001B 
           LOCAL                   ADDRESS         
           =====                   =======         
           P3SEL                   001B 
           P3SEL_bit               001B 
    -------------------------------------------------------------------------
DATA16_AN
  Relative segment, address: 001E - 001E (0x1 bytes), align: 0
  Segment part 17. ROOT.      Intra module refs:   InitSysBasic
           ENTRY                   ADDRESS         REF BY
           =====                   =======         ======
           _A_P4DIR                001E 
           LOCAL                   ADDRESS         
           =====                   =======         
           P4DIR                   001E 
           P4DIR_bit               001E 
    -------------------------------------------------------------------------
DATA16_AN
  Relative segment, address: 0032 - 0032 (0x1 bytes), align: 0
  Segment part 18. ROOT.      Intra module refs:   CheckBusy (LcdDriver)
                                                   GoIntoSleepMode (main)
                                                   InitSysBasic
                                                   main (main)
           ENTRY                   ADDRESS         REF BY
           =====                   =======         ======
           _A_P5DIR                0032 
           LOCAL                   ADDRESS         
           =====                   =======         
           P5DIR                   0032 
           P5DIR_bit               0032 
    -------------------------------------------------------------------------
DATA16_AN
  Relative segment, address: 0036 - 0036 (0x1 bytes), align: 0
  Segment part 19. ROOT.      Intra module refs:   InitSysBasic
           ENTRY                   ADDRESS         REF BY
           =====                   =======         ======
           _A_P6DIR                0036 
           LOCAL                   ADDRESS         
           =====                   =======         
           P6DIR                   0036 
           P6DIR_bit               0036 
    -------------------------------------------------------------------------
DATA16_AN
  Relative segment, address: 0037 - 0037 (0x1 bytes), align: 0
  Segment part 20. ROOT.      Intra module refs:   InitSysForActive
                                                   InitSysForPowerOff
                                                   InitSysForStandby
           ENTRY                   ADDRESS         REF BY
           =====                   =======         ======
           _A_P6SEL                0037 
           LOCAL                   ADDRESS         
           =====                   =======         
           P6SEL                   0037 
           P6SEL_bit               0037 
    -------------------------------------------------------------------------
DATA16_AN
  Relative segment, address: 0070 - 0070 (0x1 bytes), align: 0
  Segment part 21. ROOT.      Intra module refs:   InitSysForActive
           ENTRY                   ADDRESS         REF BY
           =====                   =======         ======
           _A_U0CTL                0070 
           LOCAL                   ADDRESS         
           =====                   =======         
           U0CTL                   0070 
           U0CTL_bit               0070 
    -------------------------------------------------------------------------
DATA16_AN
  Relative segment, address: 0071 - 0071 (0x1 bytes), align: 0
  Segment part 22. ROOT.      Intra module refs:   InitSysForActive
           ENTRY                   ADDRESS         REF BY
           =====                   =======         ======
           _A_U0TCTL               0071 
           LOCAL                   ADDRESS         
           =====                   =======         
           U0TCTL                  0071 
           U0TCTL_bit              0071 
    -------------------------------------------------------------------------
DATA16_AN
  Relative segment, address: 0074 - 0074 (0x1 bytes), align: 0
  Segment part 23. ROOT.      Intra module refs:   InitSysForActive
           ENTRY                   ADDRESS         REF BY
           =====                   =======         ======
           U0BR0                   0074 
    -------------------------------------------------------------------------
DATA16_AN
  Relative segment, address: 0075 - 0075 (0x1 bytes), align: 0
  Segment part 24. ROOT.      Intra module refs:   InitSysForActive
           ENTRY                   ADDRESS         REF BY
           =====                   =======         ======
           U0BR1                   0075 
    -------------------------------------------------------------------------
DATA16_AN
  Relative segment, address: 0160 - 0161 (0x2 bytes), align: 0
  Segment part 25. ROOT.      Intra module refs:   InitSysForActive
                                                   InitSysForPowerOff
                                                   InitSysForStandby
                                                   Port2Int (main)
                                                   receive_int (main)
                                                   ta_compa_int (main)
           ENTRY                   ADDRESS         REF BY
           =====                   =======         ======
           _A_TACTL                0160 
           LOCAL                   ADDRESS         
           =====                   =======         
           TACTL                   0160 
           TACTL_bit               0160 
    -------------------------------------------------------------------------
DATA16_AN
  Relative segment, address: 0162 - 0163 (0x2 bytes), align: 0
  Segment part 26. ROOT.      Intra module refs:   InitSysForActive
                                                   InitSysForPowerOff
                                                   InitSysForStandby
                                                   Port2Int (main)
           ENTRY                   ADDRESS         REF BY
           =====                   =======         ======
           _A_TACCTL0              0162 
           LOCAL                   ADDRESS         
           =====                   =======         
           TACCTL0                 0162 
           TACCTL0_bit             0162 
    -------------------------------------------------------------------------
DATA16_AN
  Relative segment, address: 0164 - 0165 (0x2 bytes), align: 0
  Segment part 27. ROOT.      Intra module refs:   InitSysForActive
                                                   InitSysForPowerOff
                                                   InitSysForStandby
                                                   Port2Int (main)
                                                   receive_int (main)
                                                   ta_compa_int (main)
           ENTRY                   ADDRESS         REF BY
           =====                   =======         ======
           _A_TACCTL1              0164 
           LOCAL                   ADDRESS         
           =====                   =======         
           TACCTL1                 0164 
           TACCTL1_bit             0164 
    -------------------------------------------------------------------------
DATA16_AN
  Relative segment, address: 0166 - 0167 (0x2 bytes), align: 0
  Segment part 28. ROOT.      Intra module refs:   InitSysForActive
                                                   InitSysForPowerOff
                                                   InitSysForStandby
                                                   InputDo (InputDo)
                                                   Port2Int (main)
                                                   main (main)
                                                   ta_compa_int (main)
           ENTRY                   ADDRESS         REF BY
           =====                   =======         ======
           _A_TACCTL2              0166 
           LOCAL                   ADDRESS         
           =====                   =======         
           TACCTL2                 0166 
           TACCTL2_bit             0166 
    -------------------------------------------------------------------------
DATA16_AN
  Relative segment, address: 0170 - 0171 (0x2 bytes), align: 0
  Segment part 29. ROOT.      Intra module refs:   InitSysForActive
                                                   InitSysForStandby
                                                   receive_int (main)
           ENTRY                   ADDRESS         REF BY
           =====                   =======         ======
           TAR                     0170 
    -------------------------------------------------------------------------
DATA16_AN
  Relative segment, address: 0172 - 0173 (0x2 bytes), align: 0
  Segment part 30. ROOT.      Intra module refs:   InitSysForActive
           ENTRY                   ADDRESS         REF BY
           =====                   =======         ======
           TACCR0                  0172 
    -------------------------------------------------------------------------
DATA16_AN
  Relative segment, address: 0174 - 0175 (0x2 bytes), align: 0
  Segment part 31. ROOT.      Intra module refs:   InitSysForActive
                                                   receive_int (main)
                                                   ta_compa_int (main)
           ENTRY                   ADDRESS         REF BY
           =====                   =======         ======
           TACCR1                  0174 
    -------------------------------------------------------------------------
DATA16_AN
  Relative segment, address: 0180 - 0181 (0x2 bytes), align: 0
  Segment part 32. ROOT.      Intra module refs:   InitSysForActive
                                                   InitSysForPowerOff
                                                   InitSysForStandby
                                                   Port2Int (main)
                                                   TimerB1Int (main)
           ENTRY                   ADDRESS         REF BY
           =====                   =======         ======
           _A_TBCTL                0180 
           LOCAL                   ADDRESS         
           =====                   =======         
           TBCTL                   0180 
           TBCTL_bit               0180 
    -------------------------------------------------------------------------
DATA16_AN
  Relative segment, address: 0182 - 0183 (0x2 bytes), align: 0
  Segment part 33. ROOT.      Intra module refs:   InitSysForActive
                                                   InitSysForPowerOff
                                                   InitSysForStandby
                                                   Port2Int (main)
           ENTRY                   ADDRESS         REF BY
           =====                   =======         ======
           _A_TBCCTL0              0182 
           LOCAL                   ADDRESS         
           =====                   =======         
           TBCCTL0                 0182 
           TBCCTL0_bit             0182 
    -------------------------------------------------------------------------
DATA16_AN
  Relative segment, address: 0184 - 0185 (0x2 bytes), align: 0
  Segment part 34. ROOT.      Intra module refs:   InitSysForActive
                                                   InitSysForPowerOff
                                                   InitSysForStandby
                                                   Port2Int (main)
                                                   TimerB1Int (main)
           ENTRY                   ADDRESS         REF BY
           =====                   =======         ======
           _A_TBCCTL1              0184 
           LOCAL                   ADDRESS         
           =====                   =======         
           TBCCTL1                 0184 
           TBCCTL1_bit             0184 
    -------------------------------------------------------------------------
DATA16_AN
  Relative segment, address: 0186 - 0187 (0x2 bytes), align: 0
  Segment part 35. ROOT.      Intra module refs:   InitSysForActive
                                                   InitSysForPowerOff
           ENTRY                   ADDRESS         REF BY
           =====                   =======         ======
           _A_TBCCTL2              0186 
           LOCAL                   ADDRESS         
           =====                   =======         
           TBCCTL2                 0186 
           TBCCTL2_bit             0186 
    -------------------------------------------------------------------------
DATA16_AN
  Relative segment, address: 0190 - 0191 (0x2 bytes), align: 0
  Segment part 36. ROOT.      Intra module refs:   InitSysForActive
                                                   InitSysForPowerOff
                                                   InitSysForStandby
                                                   Port2Int (main)
                                                   TimerB1Int (main)
           ENTRY                   ADDRESS         REF BY
           =====                   =======         ======
           TBR                     0190 
    -------------------------------------------------------------------------
DATA16_AN
  Relative segment, address: 0192 - 0193 (0x2 bytes), align: 0
  Segment part 37. ROOT.      Intra module refs:   InitSysForStandby
           ENTRY                   ADDRESS         REF BY
           =====                   =======         ======
           TBCCR0                  0192 
    -------------------------------------------------------------------------
DATA16_AN
  Relative segment, address: 0194 - 0195 (0x2 bytes), align: 0
  Segment part 38. ROOT.      Intra module refs:   InitSysForActive
                                                   InitSysForPowerOff
                                                   Port2Int (main)
                                                   TimerB1Int (main)
           ENTRY                   ADDRESS         REF BY
           =====                   =======         ======
           TBCCR1                  0194 
    -------------------------------------------------------------------------
DATA16_AN
  Relative segment, address: 0058 - 0058 (0x1 bytes), align: 0
  Segment part 39. ROOT.      Intra module refs:   InitSysBasic
           ENTRY                   ADDRESS         REF BY
           =====                   =======         ======
           _A_BCSCTL2              0058 
           LOCAL                   ADDRESS         
           =====                   =======         
           BCSCTL2                 0058 
           BCSCTL2_bit             0058 
    -------------------------------------------------------------------------
DATA16_AN
  Relative segment, address: 012A - 012B (0x2 bytes), align: 0
  Segment part 40. ROOT.      Intra module refs:   InitSysBasic
           ENTRY                   ADDRESS         REF BY
           =====                   =======         ======
           _A_FCTL2                012A 
           LOCAL                   ADDRESS         
           =====                   =======         
           FCTL2                   012A 
           FCTL2_bit               012A 
    -------------------------------------------------------------------------
DATA16_AN
  Relative segment, address: 01A0 - 01A1 (0x2 bytes), align: 0
  Segment part 41. ROOT.      Intra module refs:   InitSysForActive
                                                   InitSysForPowerOff
                                                   InitSysForStandby
                                                   TimerB1Int (main)
                                                   main (main)
           ENTRY                   ADDRESS         REF BY
           =====                   =======         ======
           _A_ADC12CTL0            01A0 
           LOCAL                   ADDRESS         
           =====                   =======         
           ADC12CTL0               01A0 
           ADC12CTL0_bit           01A0 
    -------------------------------------------------------------------------
DATA16_AN
  Relative segment, address: 01A2 - 01A3 (0x2 bytes), align: 0
  Segment part 42. ROOT.      Intra module refs:   InitSysForActive
                                                   InitSysForPowerOff
                                                   InitSysForStandby
           ENTRY                   ADDRESS         REF BY
           =====                   =======         ======
           _A_ADC12CTL1            01A2 
           LOCAL                   ADDRESS         
           =====                   =======         
           ADC12CTL1               01A2 
           ADC12CTL1_bit           01A2 
    -------------------------------------------------------------------------
DATA16_AN
  Relative segment, address: 01A6 - 01A7 (0x2 bytes), align: 0
  Segment part 43. ROOT.      Intra module refs:   InitSysForPowerOff
                                                   InitSysForStandby
           ENTRY                   ADDRESS         REF BY
           =====                   =======         ======
           ADC12IE                 01A6 
    -------------------------------------------------------------------------
DATA16_AN
  Relative segment, address: 0082 - 0082 (0x1 bytes), align: 0
  Segment part 44. ROOT.      Intra module refs:   InitSysForActive
                                                   InitSysForPowerOff
                                                   InitSysForStandby
           ENTRY                   ADDRESS         REF BY
           =====                   =======         ======
           _A_ADC12MCTL2           0082 
           LOCAL                   ADDRESS         
           =====                   =======         
           ADC12MCTL2              0082 
           ADC12MCTL2_bit          0082 
    -------------------------------------------------------------------------
<CODE> 1 (was CODE)
  Relative segment, address: 6F50 - 6FA3 (0x54 bytes), align: 1
  Segment part 49.
           ENTRY                   ADDRESS         REF BY
           =====                   =======         ======
           InitSysBasic            6F50            main (main)
               CSTACK = 00000000 ( 00000002 )
    -------------------------------------------------------------------------
<CODE> 1 (was CODE)
  Relative segment, address: 69BC - 6A41 (0x86 bytes), align: 1
  Segment part 48.
           ENTRY                   ADDRESS         REF BY
           =====                   =======         ======
           InitSysForStandby       69BC            GoIntoSleepMode (main)
               CSTACK = 00000000 ( 00000002 )
    -------------------------------------------------------------------------
<CODE> 1 (was CODE)
  Relative segment, address: 6BC8 - 6C3D (0x76 bytes), align: 1
  Segment part 47.
           ENTRY                   ADDRESS         REF BY
           =====                   =======         ======
           InitSysForPowerOff      6BC8            main (main)
               CSTACK = 00000000 ( 00000002 )
    -------------------------------------------------------------------------
<CODE> 1 (was CODE)
  Relative segment, address: 6744 - 67E7 (0xa4 bytes), align: 1
  Segment part 46.
           ENTRY                   ADDRESS         REF BY
           =====                   =======         ======
           InitSysForActive        6744            GoIntoActiveMode (main)
                                                   TimerB1Int (main)
                                                   main (main)
               CSTACK = 00000000 ( 00000002 )

    *************************************************************************

  FILE NAME : F:\git_a\wireless_test\Debug\Obj\InputDo.r43
  PROGRAM MODULE, NAME : InputDo

  SEGMENTS IN THE MODULE
  ======================
DATA16_AN
  Relative segment, address: 0176 - 0177 (0x2 bytes), align: 0
  Segment part 3. ROOT.       Intra module refs:   InputDo
           ENTRY                   ADDRESS         REF BY
           =====                   =======         ======
           TACCR2                  0176 
    -------------------------------------------------------------------------
<CODE> 1 (was CODE)
  Relative segment, address: 570C - 587D (0x172 bytes), align: 1
  Segment part 5.
           ENTRY                   ADDRESS         REF BY
           =====                   =======         ======
           InputDo                 570C            ta_compa_int (main)
               CSTACK = 00000000 ( 00000008 )

    *************************************************************************

  FILE NAME : F:\git_a\wireless_test\Debug\Obj\Key.r43
  PROGRAM MODULE, NAME : Key

  SEGMENTS IN THE MODULE
  ======================
<CODE> 1 (was CODE)
  Relative segment, address: 2BD6 - 3C9D (0x10c8 bytes), align: 1
  Segment part 6.
           ENTRY                   ADDRESS         REF BY
           =====                   =======         ======
           Key                     2BD6            main (main)
               calls direct
               CSTACK = 00000000 ( 00000004 )
    -------------------------------------------------------------------------
<CODE> 1 (was CODE)
  Relative segment, address: 65FA - 669F (0xa6 bytes), align: 1
  Segment part 5.             Intra module refs:   Key
           ENTRY                   ADDRESS         REF BY
           =====                   =======         ======
           DataDiv                 65FA 
               CSTACK = 00000000 ( 00000006 )
    -------------------------------------------------------------------------
<CODE> 1 (was CODE)
  Relative segment, address: 6C3E - 6CAF (0x72 bytes), align: 1
  Segment part 4.             Intra module refs:   Key
           ENTRY                   ADDRESS         REF BY
           =====                   =======         ======
           DataBak                 6C3E            CommSentData (CommDo)
               CSTACK = 00000000 ( 00000006 )
    -------------------------------------------------------------------------
<CODE> 1 (was CODE)
  Relative segment, address: 6DE8 - 6E47 (0x60 bytes), align: 1
  Segment part 3.             Intra module refs:   Key
           ENTRY                   ADDRESS         REF BY
           =====                   =======         ======
           DataRecover             6DE8            CommSentData (CommDo)
               CSTACK = 00000000 ( 00000006 )
    -------------------------------------------------------------------------
<CODE> 1 (was CODE)
  Relative segment, address: 6E48 - 6EA3 (0x5c bytes), align: 1
  Segment part 2.
           ENTRY                   ADDRESS         REF BY
           =====                   =======         ======
           DataRecover888          6E48            main (main)
               CSTACK = 00000000 ( 00000004 )

    *************************************************************************

  FILE NAME : F:\git_a\wireless_test\Debug\Obj\LcdDriver.r43
  PROGRAM MODULE, NAME : LcdDriver

  SEGMENTS IN THE MODULE
  ======================
DATA16_AN
  Relative segment, address: 0030 - 0030 (0x1 bytes), align: 0
  Segment part 2. ROOT.       Intra module refs:   CheckBusy
           ENTRY                   ADDRESS         REF BY
           =====                   =======         ======
           _A_P5IN                 0030 
           LOCAL                   ADDRESS         
           =====                   =======         
           P5IN                    0030 
           P5IN_bit                0030 
    -------------------------------------------------------------------------
DATA16_AN
  Relative segment, address: 0031 - 0031 (0x1 bytes), align: 0
  Segment part 3. ROOT.       Intra module refs:   GoIntoSleepMode (main)
                                                   WriteCommand
                                                   WriteData
                                                   main (main)
           ENTRY                   ADDRESS         REF BY
           =====                   =======         ======
           _A_P5OUT                0031 
           LOCAL                   ADDRESS         
           =====                   =======         
           P5OUT                   0031 
           P5OUT_bit               0031 
    -------------------------------------------------------------------------
DATA16_C
  Relative segment, address: 1166 - 116D (0x8 bytes), align: 0
  Segment part 6.             Intra module refs:   LcdClear
           ENTRY                   ADDRESS         REF BY
           =====                   =======         ======
           ComTable                1166 
    -------------------------------------------------------------------------
<CODE> 1 (was CODE)
  Relative segment, address: 711A - 7159 (0x40 bytes), align: 1
  Segment part 7.             Intra module refs:   WriteCommand
                                                   WriteData
           ENTRY                   ADDRESS         REF BY
           =====                   =======         ======
           CheckBusy               711A 
               CSTACK = 00000000 ( 00000002 )
    -------------------------------------------------------------------------
<CODE> 1 (was CODE)
  Relative segment, address: 72F8 - 7321 (0x2a bytes), align: 1
  Segment part 9.             Intra module refs:   ClearLcdLine
                                                   LcdBoardWrite
                                                   LcdCharWrite
                                                   LcdClear
                                                   LcdDigitalWrite
                                                   LcdInit
                                                   LcdOneByteWrite
                                                   LcdPictureWrite
                                                   LcdTwoByteWrite
           ENTRY                   ADDRESS         REF BY
           =====                   =======         ======
           WriteCommand            72F8            GoIntoSleepMode (main)
                                                   SPCInit (main)
                                                   main (main)
               calls direct
               CSTACK = 00000000 ( 00000002 )
    -------------------------------------------------------------------------
<CODE> 1 (was CODE)
  Relative segment, address: 72CE - 72F7 (0x2a bytes), align: 1
  Segment part 8.             Intra module refs:   ClearLcdLine
                                                   LcdBoardWrite
                                                   LcdCharWrite
                                                   LcdClear
                                                   LcdDigitalWrite
                                                   LcdOneByteWrite
                                                   LcdPictureWrite
                                                   LcdTwoByteWrite
           ENTRY                   ADDRESS         REF BY
           =====                   =======         ======
           WriteData               72CE 
               calls direct
               CSTACK = 00000000 ( 00000002 )
    -------------------------------------------------------------------------
<CODE> 1 (was CODE)
  Relative segment, address: 715A - 7199 (0x40 bytes), align: 1
  Segment part 17.            Intra module refs:   LcdInit
           ENTRY                   ADDRESS         REF BY
           =====                   =======         ======
           LcdClear                715A 
               calls direct
               CSTACK = 00000000 ( 00000002 )
    -------------------------------------------------------------------------
<CODE> 1 (was CODE)
  Relative segment, address: 627C - 633D (0xc2 bytes), align: 1
  Segment part 18.
           ENTRY                   ADDRESS         REF BY
           =====                   =======         ======
           LcdInit                 627C            TimerB1Int (main)
                                                   main (main)
               calls direct
               CSTACK = 00000000 ( 00000002 )
    -------------------------------------------------------------------------
<CODE> 1 (was CODE)
  Relative segment, address: 61AE - 627B (0xce bytes), align: 1
  Segment part 16.
           ENTRY                   ADDRESS         REF BY
           =====                   =======         ======
           LcdCharWrite            61AE            SPCInit (main)
               calls direct
               CSTACK = 00000000 ( 0000000C )
    -------------------------------------------------------------------------
<CODE> 1 (was CODE)
  Relative segment, address: 66A0 - 6743 (0xa4 bytes), align: 1
  Segment part 15.
           ENTRY                   ADDRESS         REF BY
           =====                   =======         ======
           LcdOneByteWrite         66A0            DigitalRefresh (DispDataDo)
                                                   Key (Key)
                                                   NormalDisp (DispDataDo)
                                                   SetDataDisp (DispDataDo)
                                                   TimerB1Int (main)
               calls direct
               CSTACK = 00000000 ( 00000008 )
    -------------------------------------------------------------------------
<CODE> 1 (was CODE)
  Relative segment, address: 60D8 - 61AD (0xd6 bytes), align: 1
  Segment part 14.
           ENTRY                   ADDRESS         REF BY
           =====                   =======         ======
           LcdTwoByteWrite         60D8            DigitalRefresh (DispDataDo)
                                                   Key (Key)
                                                   MenuDisp (DispDataDo)
                                                   NormalDisp (DispDataDo)
                                                   SPCInit (main)
                                                   TimerB1Int (main)
                                                   main (main)
               calls direct
               CSTACK = 00000000 ( 0000000C )
    -------------------------------------------------------------------------
<CODE> 1 (was CODE)
  Relative segment, address: 6D86 - 6DE7 (0x62 bytes), align: 1
  Segment part 13.
           ENTRY                   ADDRESS         REF BY
           =====                   =======         ======
           ClearLcdLine            6D86            Key (Key)
                                                   MenuDisp (DispDataDo)
                                                   NormalDisp (DispDataDo)
                                                   TimerB1Int (main)
                                                   main (main)
               calls direct
               CSTACK = 00000000 ( 00000002 )
    -------------------------------------------------------------------------
<CODE> 1 (was CODE)
  Relative segment, address: 6EA4 - 6EF9 (0x56 bytes), align: 1
  Segment part 12.
           ENTRY                   ADDRESS         REF BY
           =====                   =======         ======
           LcdPictureWrite         6EA4            NormalDisp (DispDataDo)
                                                   TimerB1Int (main)
               calls direct
               CSTACK = 00000000 ( 00000004 )
    -------------------------------------------------------------------------
<CODE> 1 (was CODE)
  Relative segment, address: 688A - 6929 (0xa0 bytes), align: 1
  Segment part 11.
           ENTRY                   ADDRESS         REF BY
           =====                   =======         ======
           LcdDigitalWrite         688A            NormalDisp (DispDataDo)
               calls direct
               CSTACK = 00000000 ( 00000006 )
    -------------------------------------------------------------------------
<CODE> 1 (was CODE)
  Relative segment, address: 6A42 - 6AC5 (0x84 bytes), align: 1
  Segment part 10.
           ENTRY                   ADDRESS         REF BY
           =====                   =======         ======
           LcdBoardWrite           6A42            NormalDisp (DispDataDo)
               calls direct
               CSTACK = 00000000 ( 00000004 )

    *************************************************************************

  FILE NAME : F:\git_a\wireless_test\Debug\Obj\main.r43
  PROGRAM MODULE, NAME : main

  SEGMENTS IN THE MODULE
  ======================
DATA16_AN
  Relative segment, address: 0020 - 0020 (0x1 bytes), align: 0
  Segment part 3. ROOT.       Intra module refs:   Port1Int
           ENTRY                   ADDRESS         REF BY
           =====                   =======         ======
           _A_P1IN                 0020 
           LOCAL                   ADDRESS         
           =====                   =======         
           P1IN                    0020 
           P1IN_bit                0020 
    -------------------------------------------------------------------------
DATA16_AN
  Relative segment, address: 0028 - 0028 (0x1 bytes), align: 0
  Segment part 6. ROOT.       Intra module refs:   Port2Int
                                                   TimerB1Int
                                                   main
           ENTRY                   ADDRESS         REF BY
           =====                   =======         ======
           _A_P2IN                 0028 
           LOCAL                   ADDRESS         
           =====                   =======         
           P2IN                    0028 
           P2IN_bit                0028 
    -------------------------------------------------------------------------
DATA16_AN
  Relative segment, address: 0035 - 0035 (0x1 bytes), align: 0
  Segment part 15. ROOT.      Intra module refs:   GoIntoActiveMode
                                                   GoIntoSleepMode
                                                   TimerB0Int
                                                   TimerB1Int
                                                   main
           ENTRY                   ADDRESS         REF BY
           =====                   =======         ======
           _A_P6OUT                0035 
           LOCAL                   ADDRESS         
           =====                   =======         
           P6OUT                   0035 
           P6OUT_bit               0035 
    -------------------------------------------------------------------------
DATA16_AN
  Relative segment, address: 0076 - 0076 (0x1 bytes), align: 0
  Segment part 16. ROOT.      Intra module refs:   receive_int
           ENTRY                   ADDRESS         REF BY
           =====                   =======         ======
           U0RXBUF                 0076 
    -------------------------------------------------------------------------
DATA16_AN
  Relative segment, address: 0077 - 0077 (0x1 bytes), align: 0
  Segment part 17. ROOT.      Intra module refs:   main
                                                   sent_int
           ENTRY                   ADDRESS         REF BY
           =====                   =======         ======
           U0TXBUF                 0077 
    -------------------------------------------------------------------------
DATA16_AN
  Relative segment, address: 012E - 012F (0x2 bytes), align: 0
  Segment part 18. ROOT.      Intra module refs:   ta_compa_int
           ENTRY                   ADDRESS         REF BY
           =====                   =======         ======
           TAIV                    012E 
    -------------------------------------------------------------------------
DATA16_AN
  Relative segment, address: 011E - 011F (0x2 bytes), align: 0
  Segment part 25. ROOT.      Intra module refs:   TimerB1Int
           ENTRY                   ADDRESS         REF BY
           =====                   =======         ======
           TBIV                    011E 
    -------------------------------------------------------------------------
DATA16_AN
  Relative segment, address: 01A4 - 01A5 (0x2 bytes), align: 0
  Segment part 32. ROOT.      Intra module refs:   main
           ENTRY                   ADDRESS         REF BY
           =====                   =======         ======
           ADC12IFG                01A4 
    -------------------------------------------------------------------------
DATA16_AN
  Relative segment, address: 0144 - 0145 (0x2 bytes), align: 0
  Segment part 33. ROOT.      Intra module refs:   main
           ENTRY                   ADDRESS         REF BY
           =====                   =======         ======
           ADC12MEM2               0144 
    -------------------------------------------------------------------------
DATA16_AN
  Relative segment, address: 0200 - 0200 (0x1 bytes), align: 0
  Segment part 34. ROOT.      Intra module refs:   main
           ENTRY                   ADDRESS         REF BY
           =====                   =======         ======
           StartRAM                0200 
    -------------------------------------------------------------------------
DATA16_AN
  Relative segment, address: 0202 - 0203 (0x2 bytes), align: 0
  Segment part 35. ROOT.      Intra module refs:   SPCInit
           ENTRY                   ADDRESS         REF BY
           =====                   =======         ======
           CeJianHao               0202            Key (Key)
                                                   NormalDisp (DispDataDo)
    -------------------------------------------------------------------------
DATA16_AN
  Relative segment, address: 0204 - 0205 (0x2 bytes), align: 0
  Segment part 36. ROOT.      Intra module refs:   SPCInit
           ENTRY                   ADDRESS         REF BY
           =====                   =======         ======
           ZeRenQu                 0204            Key (Key)
                                                   NormalDisp (DispDataDo)
    -------------------------------------------------------------------------
DATA16_AN
  Relative segment, address: 0206 - 0207 (0x2 bytes), align: 0
  Segment part 37. ROOT.      Intra module refs:   SPCInit
           ENTRY                   ADDRESS         REF BY
           =====                   =======         ======
           BanZuHao                0206            Key (Key)
                                                   NormalDisp (DispDataDo)
    -------------------------------------------------------------------------
DATA16_AN
  Relative segment, address: 0208 - 0209 (0x2 bytes), align: 0
  Segment part 38. ROOT.      Intra module refs:   SPCInit
           ENTRY                   ADDRESS         REF BY
           =====                   =======         ======
           KuaHao                  0208            Key (Key)
                                                   NormalDisp (DispDataDo)
    -------------------------------------------------------------------------
DATA16_AN
  Relative segment, address: 020A - 020B (0x2 bytes), align: 0
  Segment part 39. ROOT.      Intra module refs:   SPCInit
           ENTRY                   ADDRESS         REF BY
           =====                   =======         ======
           PaiHao                  020A            Key (Key)
                                                   NormalDisp (DispDataDo)
    -------------------------------------------------------------------------
DATA16_AN
  Relative segment, address: 020C - 020D (0x2 bytes), align: 0
  Segment part 40. ROOT.      Intra module refs:   SPCInit
           ENTRY                   ADDRESS         REF BY
           =====                   =======         ======
           JiaoHao                 020C            Key (Key)
                                                   NormalDisp (DispDataDo)
    -------------------------------------------------------------------------
DATA16_AN
  Relative segment, address: 020E - 020F (0x2 bytes), align: 0
  Segment part 41. ROOT.      Intra module refs:   SPCInit
           ENTRY                   ADDRESS         REF BY
           =====                   =======         ======
           MBChannel               020E            Key (Key)
                                                   NormalDisp (DispDataDo)
    -------------------------------------------------------------------------
DATA16_AN
  Relative segment, address: 0210 - 0211 (0x2 bytes), align: 0
  Segment part 42. ROOT.      Intra module refs:   SPCInit
           ENTRY                   ADDRESS         REF BY
           =====                   =======         ======
           MBPower                 0210            Key (Key)
    -------------------------------------------------------------------------
DATA16_AN
  Relative segment, address: 0212 - 0213 (0x2 bytes), align: 0
  Segment part 43. ROOT.      Intra module refs:   SPCInit
                                                   TimerB0Int
           ENTRY                   ADDRESS         REF BY
           =====                   =======         ======
           StandbyTime             0212            Key (Key)
    -------------------------------------------------------------------------
DATA16_AN
  Relative segment, address: 0214 - 0215 (0x2 bytes), align: 0
  Segment part 44. ROOT.      Intra module refs:   SPCInit
                                                   TimerB1Int
           ENTRY                   ADDRESS         REF BY
           =====                   =======         ======
           WorkTime                0214            Key (Key)
    -------------------------------------------------------------------------
DATA16_AN
  Relative segment, address: 0216 - 0217 (0x2 bytes), align: 0
  Segment part 45. ROOT.      Intra module refs:   SPCInit
                                                   TimerB1Int
           ENTRY                   ADDRESS         REF BY
           =====                   =======         ======
           ReportChannel           0216            Key (Key)
    -------------------------------------------------------------------------
DATA16_AN
  Relative segment, address: 0292 - 0293 (0x2 bytes), align: 0
  Segment part 46. ROOT.      Intra module refs:   main
           ENTRY                   ADDRESS         REF BY
           =====                   =======         ======
           In1Cal00                0292 
    -------------------------------------------------------------------------
DATA16_AN
  Relative segment, address: 0294 - 0295 (0x2 bytes), align: 0
  Segment part 47. ROOT.      Intra module refs:   main
           ENTRY                   ADDRESS         REF BY
           =====                   =======         ======
           In1CalFS                0294 
    -------------------------------------------------------------------------
DATA16_AN
  Relative segment, address: 0296 - 0297 (0x2 bytes), align: 0
  Segment part 48. ROOT.      Intra module refs:   main
           ENTRY                   ADDRESS         REF BY
           =====                   =======         ======
           In2Cal00                0296 
    -------------------------------------------------------------------------
DATA16_AN
  Relative segment, address: 0298 - 0299 (0x2 bytes), align: 0
  Segment part 49. ROOT.      Intra module refs:   main
           ENTRY                   ADDRESS         REF BY
           =====                   =======         ======
           In2CalFS                0298 
    -------------------------------------------------------------------------
DATA16_AN
  Relative segment, address: 029A - 029B (0x2 bytes), align: 0
  Segment part 50. ROOT.      Intra module refs:   main
           ENTRY                   ADDRESS         REF BY
           =====                   =======         ======
           In3Cal00                029A 
    -------------------------------------------------------------------------
DATA16_AN
  Relative segment, address: 029C - 029D (0x2 bytes), align: 0
  Segment part 51. ROOT.      Intra module refs:   main
           ENTRY                   ADDRESS         REF BY
           =====                   =======         ======
           In3CalFS                029C 
    -------------------------------------------------------------------------
DATA16_AN
  Relative segment, address: 029E - 02A0 (0x3 bytes), align: 0
  Segment part 52. ROOT.      Intra module refs:   SPCInit
                                                   main
           ENTRY                   ADDRESS         REF BY
           =====                   =======         ======
           PVPT                    029E            CommSentData (CommDo)
                                                   Key (Key)
    -------------------------------------------------------------------------
DATA16_Z
  Relative segment, address: 02A6 - 02AB (0x6 bytes), align: 1
  Segment part 61.            Intra module refs:   SPCInit
                                                   TimerB1Int
                                                   main
           ENTRY                   ADDRESS         REF BY
           =====                   =======         ======
           PV                      02A6            CommNormalData (CommDo)
                                                   NormalDisp (DispDataDo)
    -------------------------------------------------------------------------
DATA16_Z
  Relative segment, address: 02AC - 02B1 (0x6 bytes), align: 1
  Segment part 62.            Intra module refs:   GoIntoActiveMode
                                                   SPCInit
           ENTRY                   ADDRESS         REF BY
           =====                   =======         ======
           SAMP                    02AC            CalFromTab (CalFromTab)
                                                   InputDo (InputDo)
    -------------------------------------------------------------------------
DATA16_Z
  Relative segment, address: 02DA - 02DA (0x1 bytes), align: 0
  Segment part 63.            Intra module refs:   GoIntoActiveMode
                                                   GoIntoSleepMode
                                                   Port1Int
                                                   Port2Int
                                                   TimerB1Int
                                                   main
                                                   receive_int
           ENTRY                   ADDRESS         REF BY
           =====                   =======         ======
           WBStu                   02DA            CommSentData (CommDo)
    -------------------------------------------------------------------------
DATA16_Z
  Relative segment, address: 02DB - 02DB (0x1 bytes), align: 0
  Segment part 64.            Intra module refs:   main
           ENTRY                   ADDRESS         REF BY
           =====                   =======         ======
           LowBatTest              02DB 
    -------------------------------------------------------------------------
DATA16_Z
  Relative segment, address: 02DC - 02DC (0x1 bytes), align: 0
  Segment part 65.            Intra module refs:   GoIntoActiveMode
                                                   GoIntoSleepMode
                                                   Port1Int
                                                   TimerB0Int
                                                   TimerB1Int
                                                   main
                                                   ta_compa_int
           ENTRY                   ADDRESS         REF BY
           =====                   =======         ======
           WirelessStu             02DC 
    -------------------------------------------------------------------------
DATA16_Z
  Relative segment, address: 02DD - 02DD (0x1 bytes), align: 0
  Segment part 66.            Intra module refs:   SPCInit
                                                   TimerB1Int
                                                   main
           ENTRY                   ADDRESS         REF BY
           =====                   =======         ======
           MenuStu                 02DD            Key (Key)
    -------------------------------------------------------------------------
DATA16_Z
  Relative segment, address: 02DE - 02DE (0x1 bytes), align: 0
  Segment part 67.            Intra module refs:   SPCInit
           ENTRY                   ADDRESS         REF BY
           =====                   =======         ======
           MenuStuNum              02DE            CalFromTab (CalFromTab)
                                                   Key (Key)
    -------------------------------------------------------------------------
DATA16_Z
  Relative segment, address: 02DF - 02DF (0x1 bytes), align: 0
  Segment part 68.            Intra module refs:   main
           ENTRY                   ADDRESS         REF BY
           =====                   =======         ======
           KeyChange               02DF            Key (Key)
    -------------------------------------------------------------------------
[...]
          |  Already listed
  03      WriteCommand
          | Stack used (prev) :  00000012
          | + function block  :  00000002
          |  Already listed
  03      WriteCommand
          | Stack used (prev) :  00000012
          | + function block  :  00000002
          |  Already listed
  03      WriteCommand
          | Stack used (prev) :  00000012
          | + function block  :  00000002
          |  Already listed
  02    ClearLcdLine
        | Stack used (prev) :  00000024
        | + function block  :  00000002
  02    LcdTwoByteWrite
        | Stack used (prev) :  00000024
        | + function block  :  0000000C
        |  Already listed
  03      WriteData
          | Stack used (prev) :  00000022
          | + function block  :  00000002
          |  Already listed
  03      WriteData
          | Stack used (prev) :  00000022
          | + function block  :  00000002
          |  Already listed
  03      WriteCommand
          | Stack used (prev) :  00000012
          | + function block  :  00000002
          |  Already listed
  03      WriteCommand
          | Stack used (prev) :  00000012
          | + function block  :  00000002
          |  Already listed
  03      WriteCommand
          | Stack used (prev) :  00000012
          | + function block  :  00000002
          |  Already listed
  03      WriteCommand
          | Stack used (prev) :  00000012
          | + function block  :  00000002
          |  Already listed
  03      WriteCommand
          | Stack used (prev) :  00000012
          | + function block  :  00000002
          |  Already listed
  03      WriteCommand
          | Stack used (prev) :  00000012
          | + function block  :  00000002
          |  Already listed
  02    LcdOneByteWrite
        | Stack used (prev) :  00000024
        | + function block  :  00000008
  04        WriteData
            | Stack used (prev) :  00000022
            | + function block  :  00000002
            |  Already listed
  04        WriteCommand
            | Stack used (prev) :  00000012
            | + function block  :  00000002
            |  Already listed
  04        WriteCommand
            | Stack used (prev) :  00000012
            | + function block  :  00000002
            |  Already listed
  04        WriteCommand
            | Stack used (prev) :  00000012
            | + function block  :  00000002
            |  Already listed
  04        WriteCommand
            | Stack used (prev) :  00000012
            | + function block  :  00000002
            |  Already listed
  03      LcdClear
          | Stack used (prev) :  00000024
          | + function block  :  00000002
  03      WriteCommand
          | Stack used (prev) :  00000012
          | + function block  :  00000002
          |  Already listed
  03      WriteCommand
          | Stack used (prev) :  00000012
          | + function block  :  00000002
          |  Already listed
  03      WriteCommand
          | Stack used (prev) :  00000012
          | + function block  :  00000002
          |  Already listed
  03      WriteCommand
          | Stack used (prev) :  00000012
          | + function block  :  00000002
          |  Already listed
  03      WriteCommand
          | Stack used (prev) :  00000012
          | + function block  :  00000002
          |  Already listed
  03      WriteCommand
          | Stack used (prev) :  00000012
          | + function block  :  00000002
          |  Already listed
  03      WriteCommand
          | Stack used (prev) :  00000012
          | + function block  :  00000002
          |  Already listed
  03      WriteCommand
          | Stack used (prev) :  00000012
          | + function block  :  00000002
          |  Already listed
  03      WriteCommand
          | Stack used (prev) :  00000012
          | + function block  :  00000002
          |  Already listed
  03      WriteCommand
          | Stack used (prev) :  00000012
          | + function block  :  00000002
          |  Already listed
  03      WriteCommand
          | Stack used (prev) :  00000012
          | + function block  :  00000002
          |  Already listed
  03      WriteCommand
          | Stack used (prev) :  00000012
          | + function block  :  00000002
          |  Already listed
  03      WriteCommand
          | Stack used (prev) :  00000012
          | + function block  :  00000002
          |  Already listed
  03      WriteCommand
          | Stack used (prev) :  00000012
          | + function block  :  00000002
          |  Already listed
  03      WriteCommand
          | Stack used (prev) :  00000012
          | + function block  :  00000002
          |  Already listed
  03      WriteCommand
          | Stack used (prev) :  00000012
          | + function block  :  00000002
          |  Already listed
  03      WriteCommand
          | Stack used (prev) :  00000012
          | + function block  :  00000002
          |  Already listed
  02    LcdInit
        | Stack used (prev) :  00000026
        | + function block  :  00000002
  02    InitSysForActive
        | Stack used (prev) :  00000010
        | + function block  :  00000002
        |  Already listed
  04        WriteData
            | Stack used (prev) :  00000022
            | + function block  :  00000002
            |  Already listed
  04        WriteData
            | Stack used (prev) :  00000022
            | + function block  :  00000002
            |  Already listed
  04        WriteCommand
            | Stack used (prev) :  00000012
            | + function block  :  00000002
            |  Already listed
  04        WriteCommand
            | Stack used (prev) :  00000012
            | + function block  :  00000002
            |  Already listed
  04        WriteCommand
            | Stack used (prev) :  00000012
            | + function block  :  00000002
            |  Already listed
  04        WriteCommand
            | Stack used (prev) :  00000012
            | + function block  :  00000002
            |  Already listed
  04        WriteCommand
            | Stack used (prev) :  00000012
            | + function block  :  00000002
            |  Already listed
  04        WriteCommand
            | Stack used (prev) :  00000012
            | + function block  :  00000002
            |  Already listed
  03      LcdBoardWrite
          | Stack used (prev) :  00000024
          | + function block  :  00000004
  04        WriteData
            | Stack used (prev) :  00000022
            | + function block  :  00000002
            |  Already listed
  04        WriteData
            | Stack used (prev) :  00000022
            | + function block  :  00000002
            |  Already listed
  04        WriteCommand
            | Stack used (prev) :  00000012
            | + function block  :  00000002
            |  Already listed
  04        WriteCommand
            | Stack used (prev) :  00000012
            | + function block  :  00000002
            |  Already listed
  04        WriteCommand
            | Stack used (prev) :  00000012
            | + function block  :  00000002
            |  Already listed
  04        WriteCommand
            | Stack used (prev) :  00000012
            | + function block  :  00000002
            |  Already listed
  04        WriteCommand
            | Stack used (prev) :  00000012
            | + function block  :  00000002
            |  Already listed
  04        WriteCommand
            | Stack used (prev) :  00000012
            | + function block  :  00000002
            |  Already listed
  03      LcdDigitalWrite
          | Stack used (prev) :  00000024
          | + function block  :  00000006
  03      LcdPictureWrite
          | Stack used (prev) :  00000024
          | + function block  :  00000004
          |  Already listed
  03      ClearLcdLine
          | Stack used (prev) :  00000024
          | + function block  :  00000002
          |  Already listed
  03      LcdTwoByteWrite
          | Stack used (prev) :  00000024
          | + function block  :  0000000C
          |  Already listed
  03      LcdOneByteWrite
          | Stack used (prev) :  00000024
          | + function block  :  00000008
          |  Already listed
  04        LcdTwoByteWrite
            | Stack used (prev) :  00000024
            | + function block  :  0000000C
            |  Already listed
  04        LcdOneByteWrite
            | Stack used (prev) :  00000024
            | + function block  :  00000008
            |  Already listed
  03      DigitalRefresh
          | Stack used (prev) :  00000030
          | + function block  :  0000000A
  03      DigitalRefresh
          | Stack used (prev) :  00000030
          | + function block  :  0000000A
          |  Already listed
  03      DigitalRefresh
          | Stack used (prev) :  00000030
          | + function block  :  0000000A
          |  Already listed
  02    NormalDisp
        | Stack used (prev) :  0000003A
        | + function block  :  00000002
  02    DigitalRefresh
        | Stack used (prev) :  00000030
        | + function block  :  0000000A
        |  Already listed
  01  TimerB1Int
      | Stack used (prev) :  0000003C
      | + function block  :  0000000E
  <-Sub-tree of type: Interrupt function tree that does not make
                    : indirect calls
    | Stack used          :  0000004A


  ->Sub-tree of type: Interrupt function tree that does not make
                    : indirect calls
                             CSTACK
    | Stack used (prev) :  0000004A
  02    InputDo
        | Stack used (prev) :  0000004A
        | + function block  :  00000008
  01  ta_compa_int
      | Stack used (prev) :  00000052
      | + function block  :  0000000C
  <-Sub-tree of type: Interrupt function tree that does not make
                    : indirect calls
    | Stack used          :  0000005E


  ->Sub-tree of type: Interrupt function tree that does not make
                    : indirect calls
                             CSTACK
    | Stack used (prev) :  0000005E
  01  receive_int
      | Stack used (prev) :  0000005E
      | + function block  :  00000008
  <-Sub-tree of type: Interrupt function tree that does not make
                    : indirect calls
    | Stack used          :  00000066


  ->Sub-tree of type: Interrupt function tree that does not make
                    : indirect calls
                             CSTACK
    | Stack used (prev) :  00000066
  01  sent_int
      | Stack used (prev) :  00000066
      | + function block  :  00000006
  <-Sub-tree of type: Interrupt function tree that does not make
                    : indirect calls
    | Stack used          :  0000006C


  ->Sub-tree of type: Function tree
                             CSTACK
    | Stack used (prev) :  0000006C
  02    SPCInit
        | Stack used (prev) :  00000030
        | + function block  :  00000002
        |  Already listed
  02    ClearLcdLine
        | Stack used (prev) :  00000024
        | + function block  :  00000002
        |  Already listed
  02    LcdTwoByteWrite
        | Stack used (prev) :  00000024
        | + function block  :  0000000C
        |  Already listed
  02    LcdInit
        | Stack used (prev) :  00000026
        | + function block  :  00000002
        |  Already listed
  02    WriteCommand
        | Stack used (prev) :  00000012
        | + function block  :  00000002
        |  Already listed
  02    DataRecover888
        | Stack used (prev) :  0000006C
        | + function block  :  00000004
  03      ClearLcdLine
          | Stack used (prev) :  00000024
          | + function block  :  00000002
          |  Already listed
  03      LcdTwoByteWrite
          | Stack used (prev) :  00000024
          | + function block  :  0000000C
          |  Already listed
  03      LcdOneByteWrite
          | Stack used (prev) :  00000024
          | + function block  :  00000008
          |  Already listed
  03      DataRecover
          | Stack used (prev) :  0000006C
          | + function block  :  00000006
  03      DataBak
          | Stack used (prev) :  0000006C
          | + function block  :  00000006
  03      DataDiv
          | Stack used (prev) :  0000006C
          | + function block  :  00000006
  03      DataDiv
          | Stack used (prev) :  0000006C
          | + function block  :  00000006
          |  Already listed
  03      RDFlash
          | Stack used (prev) :  0000006C
          | + function block  :  00000004
  03      WRFlash
          | Stack used (prev) :  0000006C
          | + function block  :  00000002
  03      NormalDisp
          | Stack used (prev) :  0000003A
          | + function block  :  00000002
          |  Already listed
  04        ClearLcdLine
            | Stack used (prev) :  00000024
            | + function block  :  00000002
            |  Already listed
  04        LcdTwoByteWrite
            | Stack used (prev) :  00000024
            | + function block  :  0000000C
            |  Already listed
  03      MenuDisp
          | Stack used (prev) :  0000006C
          | + function block  :  00000002
  04        LcdOneByteWrite
            | Stack used (prev) :  00000024
            | + function block  :  00000008
            |  Already listed
  03      SetDataDisp
          | Stack used (prev) :  0000006C
          | + function block  :  0000000A
  02    Key
        | Stack used (prev) :  00000076
        | + function block  :  00000004
  02    InitSysForActive
        | Stack used (prev) :  00000010
        | + function block  :  00000002
        |  Already listed
  02    InitSysForPowerOff
        | Stack used (prev) :  0000006C
        | + function block  :  00000002
  02    InitSysBasic
        | Stack used (prev) :  0000006C
        | + function block  :  00000002
  02    RDFlash
        | Stack used (prev) :  0000006C
        | + function block  :  00000004
        |  Already listed
  02    WRFlash
        | Stack used (prev) :  0000006C
        | + function block  :  00000002
        |  Already listed
  02    NormalDisp
        | Stack used (prev) :  0000003A
        | + function block  :  00000002
        |  Already listed
  02    ConfigDataRead
        | Stack used (prev) :  0000006C
        | + function block  :  00000002
  02    ConfigDataWrite
        | Stack used (prev) :  0000006C
        | + function block  :  00000002
  03      CrcCheck
          | Stack used (prev) :  0000006C
          | + function block  :  00000004
  02    CommNormalData
        | Stack used (prev) :  00000070
        | + function block  :  00000004
  03      DataRecover
          | Stack used (prev) :  0000006C
          | + function block  :  00000006
          |  Already listed
  03      DataBak
          | Stack used (prev) :  0000006C
          | + function block  :  00000006
          |  Already listed
  03      RDFlash
          | Stack used (prev) :  0000006C
          | + function block  :  00000004
          |  Already listed
  03      WRFlash
          | Stack used (prev) :  0000006C
          | + function block  :  00000002
          |  Already listed
  03      NormalDisp
          | Stack used (prev) :  0000003A
          | + function block  :  00000002
          |  Already listed
  03      CrcCheck
          | Stack used (prev) :  0000006C
          | + function block  :  00000004
          |  Already listed
  03      CrcCheck
          | Stack used (prev) :  0000006C
          | + function block  :  00000004
          |  Already listed
  03      CrcCheck
          | Stack used (prev) :  0000006C
          | + function block  :  00000004
          |  Already listed
  03      CrcCheck
          | Stack used (prev) :  0000006C
          | + function block  :  00000004
          |  Already listed
  03      CommNormalData
          | Stack used (prev) :  00000070
          | + function block  :  00000004
          |  Already listed
  02    CommSentData
        | Stack used (prev) :  00000074
        | + function block  :  0000000A
  03      SearchTab
          | Stack used (prev) :  0000006C
          | + function block  :  00000014
  02    CalFromTab
        | Stack used (prev) :  00000080
        | + function block  :  00000014
  01  main
      | Stack used (prev) :  00000094
      | + function block  :  00000002
  <-Sub-tree of type: Function tree
    | Stack used          :  00000096


  ->Sub-tree of type: Function tree
                             CSTACK
    | Stack used (prev) :  00000096
  01  exit
      | Stack used (prev) :  00000096
      | + function block  :  00000002
  <-Sub-tree of type: Function tree
    | Stack used          :  00000098


  ->Sub-tree of type: Function tree
                             CSTACK
    | Stack used (prev) :  00000098
  01  __data16_memzero
      | Stack used (prev) :  00000098
      | + function block  :  00000002
  <-Sub-tree of type: Function tree
    | Stack used          :  0000009A




                ****************************************
                *                                      *
                *      SEGMENTS IN ADDRESS ORDER       *
                *                                      *
                ****************************************


SEGMENT              SPACE    START ADDRESS   END ADDRESS     SIZE  TYPE  ALIGN
=======              =====    =============   ===========     ====  ====  =====
DATA16_AN                              0000 - 0000               1   rel    0
                                       0004 - 0004               1 
                                       0019 - 001B               3 
                                       001D - 001E               2 
                                       0020 - 0026               7 
                                       0028 - 002D               6 
                                       0030 - 0032               3 
                                       0035 - 0037               3 
                                       0058 - 0058               1 
                                       0070 - 0071               2 
                                       0074 - 0077               4 
                                       0082 - 0082               1 
                                       011E - 0121               4 
                                       0128 - 012F               8 
                                       0144 - 0145               2 
                                       0160 - 0167               8 
                                       0170 - 0177               8 
                                       0180 - 0187               8 
                                       0190 - 0195               6 
                                       01A0 - 01A7               8 
                                       0200 - 0200               1 
DATA16_I                                  0201                       dse    0
DATA16_AN                              0202 - 0217              16   rel    0
                                       0292 - 02A0               F 
DATA16_Z                               02A2 - 0370              CF   rel    1
CSTACK                                 094C - 09FF              B4   rel    1
DATA16_C                               1100 - 2BBD            1ABE   rel    1
CSTART                                 2BBE - 2BD5              18   rel    1
<CODE> 1                               2BD6 - 7395            47C0   rel    1
INTVEC                                 FFE0 - FFFB              1C   com    1
RESET                                  FFFE - FFFF               2   rel    1

                ****************************************
                *                                      *
                *        END OF CROSS REFERENCE        *
                *                                      *
                ****************************************

 18 422 bytes of CODE  memory
    387 bytes of DATA  memory (+ 124 absolute )
  6 846 bytes of CONST memory

Errors: none
Warnings: none

