Warning[w6]: Type conflict for external/entry "_A_WDTCTL", in module FlashWR against external/entry in module CommDo; class/struct/union field/base types do not match for field/base 'WDTCTL_bit'; class/struct/union types have different numbers of fields/bases
  /* In module FlashWR: */
  union /* Elements: 2, Bytes: 2 */
        /* First seen in FlashWR */
  { 
    unsigned short WDTCTL;
    struct /* Elements: 9, Bytes: 2 */
           /* First seen in FlashWR */
    { 
      unsigned short WDTIS0 : 1 /* disp: 0 */;
      unsigned short WDTIS1 : 1 /* disp: 1 */;
      unsigned short WDTSSEL : 1 /* disp: 2 */;
      unsigned short WDTCNTCL : 1 /* disp: 3 */;
      unsigned short WDTTMSEL : 1 /* disp: 4 */;
      unsigned short WDTNMI : 1 /* disp: 5 */;
      unsigned short WDTNMIES : 1 /* disp: 6 */;
      unsigned short WDTHOLD : 1 /* disp: 7 */;
      unsigned short  : 8 /* disp: 8 */;
    } WDTCTL_bit;
  } volatile _A_WDTCTL;
  /* In module CommDo: */
  union /* Elements: 2, Bytes: 2 */
        /* First seen in CommDo */
  { 
    unsigned short WDTCTL;
    struct /* Elements: 8, Bytes: 2 */
           /* First seen in CommDo */
    { 
      unsigned short WDTIS0 : 1 /* disp: 0 */;
      unsigned short WDTIS1 : 1 /* disp: 1 */;
      unsigned short WDTSSEL : 1 /* disp: 2 */;
      unsigned short WDTCNTCL : 1 /* disp: 3 */;
      unsigned short WDTTMSEL : 1 /* disp: 4 */;
      unsigned short WDTNMI : 1 /* disp: 5 */;
      unsigned short WDTNMIES : 1 /* disp: 6 */;
      unsigned short WDTHOLD : 1 /* disp: 7 */;
    } WDTCTL_bit;
  } volatile _A_WDTCTL;
Warning[w6]: Type conflict for external/entry "_A_P4OUT", in module InitSys against external/entry in module CommDo; class/struct/union field/base types do not match for field/base 'P4OUT_bit'; class/struct/union field names do not match: P4OUT_0 vs P0
  /* In module InitSys: */
  union /* Elements: 2, Bytes: 1 */
        /* First seen in InitSys */
  { 
    unsigned char P4OUT;
    struct /* Elements: 8, Bytes: 1 */
           /* First seen in InitSys */
    { 
      unsigned char P4OUT_0 : 1 /* disp: 0 */;
      unsigned char P4OUT_1 : 1 /* disp: 1 */;
      unsigned char P4OUT_2 : 1 /* disp: 2 */;
      unsigned char P4OUT_3 : 1 /* disp: 3 */;
      unsigned char P4OUT_4 : 1 /* disp: 4 */;
      unsigned char P4OUT_5 : 1 /* disp: 5 */;
      unsigned char P4OUT_6 : 1 /* disp: 6 */;
      unsigned char P4OUT_7 : 1 /* disp: 7 */;
    } P4OUT_bit;
  } volatile _A_P4OUT;
  /* In module CommDo: */
  union /* Elements: 2, Bytes: 1 */
        /* First seen in CommDo */
  { 
    unsigned char P4OUT;
    struct /* Elements: 8, Bytes: 1 */
           /* First seen in CommDo */
    { 
      unsigned char P0 : 1 /* disp: 0 */;
      unsigned char P1 : 1 /* disp: 1 */;
      unsigned char P2 : 1 /* disp: 2 */;
      unsigned char P3 : 1 /* disp: 3 */;
      unsigned char P4 : 1 /* disp: 4 */;
      unsigned char P5 : 1 /* disp: 5 */;
      unsigned char P6 : 1 /* disp: 6 */;
      unsigned char P7 : 1 /* disp: 7 */;
    } P4OUT_bit;
  } volatile _A_P4OUT;
Warning[w6]: Type conflict for external/entry "_A_P4OUT", in module LcdDriver against external/entry in module CommDo; class/struct/union field/base types do not match for field/base 'P4OUT_bit'; class/struct/union field names do not match: P4OUT_0 vs P0
  /* In module LcdDriver: */
  union /* Elements: 2, Bytes: 1 */
        /* First seen in InitSys */
  { 
    unsigned char P4OUT;
    struct /* Elements: 8, Bytes: 1 */
           /* First seen in InitSys */
    { 
      unsigned char P4OUT_0 : 1 /* disp: 0 */;
      unsigned char P4OUT_1 : 1 /* disp: 1 */;
      unsigned char P4OUT_2 : 1 /* disp: 2 */;
      unsigned char P4OUT_3 : 1 /* disp: 3 */;
      unsigned char P4OUT_4 : 1 /* disp: 4 */;
      unsigned char P4OUT_5 : 1 /* disp: 5 */;
      unsigned char P4OUT_6 : 1 /* disp: 6 */;
      unsigned char P4OUT_7 : 1 /* disp: 7 */;
    } P4OUT_bit;
  } volatile _A_P4OUT;
  /* In module CommDo: */
  union /* Elements: 2, Bytes: 1 */
        /* First seen in CommDo */
  { 
    unsigned char P4OUT;
    struct /* Elements: 8, Bytes: 1 */
           /* First seen in CommDo */
    { 
      unsigned char P0 : 1 /* disp: 0 */;
      unsigned char P1 : 1 /* disp: 1 */;
      unsigned char P2 : 1 /* disp: 2 */;
      unsigned char P3 : 1 /* disp: 3 */;
      unsigned char P4 : 1 /* disp: 4 */;
      unsigned char P5 : 1 /* disp: 5 */;
      unsigned char P6 : 1 /* disp: 6 */;
      unsigned char P7 : 1 /* disp: 7 */;
    } P4OUT_bit;
  } volatile _A_P4OUT;
Warning[w6]: Type conflict for external/entry "_A_ADC12CTL0", in module main against external/entry in module InitSys; class/struct/union field/base types do not match for field/base 'ADC12CTL0_bit'; class/struct/union field names do not match: SHT00 vs SHT0
  /* In module main: */
  union /* Elements: 2, Bytes: 2 */
        /* First seen in main */
  { 
    unsigned short ADC12CTL0;
    struct /* Elements: 16, Bytes: 2 */
           /* First seen in main */
    { 
      unsigned short ADC12SC : 1 /* disp: 0 */;
      unsigned short ENC : 1 /* disp: 1 */;
      unsigned short ADC12TOVIE : 1 /* disp: 2 */;
      unsigned short ADC12OVIE : 1 /* disp: 3 */;
      unsigned short ADC12ON : 1 /* disp: 4 */;
      unsigned short REFON : 1 /* disp: 5 */;
      unsigned short REF2_5V : 1 /* disp: 6 */;
      unsigned short MSC : 1 /* disp: 7 */;
      unsigned short SHT00 : 1 /* disp: 8 */;
      unsigned short SHT01 : 1 /* disp: 9 */;
      unsigned short SHT02 : 1 /* disp: 10 */;
      unsigned short SHT03 : 1 /* disp: 11 */;
      unsigned short SHT10 : 1 /* disp: 12 */;
      unsigned short SHT11 : 1 /* disp: 13 */;
      unsigned short SHT12 : 1 /* disp: 14 */;
      unsigned short SHT13 : 1 /* disp: 15 */;
    } ADC12CTL0_bit;
  } volatile _A_ADC12CTL0;
  /* In module InitSys: */
  union /* Elements: 2, Bytes: 2 */
        /* First seen in InitSys */
  { 
    unsigned short ADC12CTL0;
    struct /* Elements: 10, Bytes: 2 */
           /* First seen in InitSys */
    { 
      unsigned short ADC12SC : 1 /* disp: 0 */;
      unsigned short ENC : 1 /* disp: 1 */;
      unsigned short ADC12TOVIE : 1 /* disp: 2 */;
      unsigned short ADC12OVIE : 1 /* disp: 3 */;
      unsigned short ADC12ON : 1 /* disp: 4 */;
      unsigned short REFON : 1 /* disp: 5 */;
      unsigned short REF2_5V : 1 /* disp: 6 */;
      unsigned short MSC : 1 /* disp: 7 */;
      unsigned short SHT0 : 4 /* disp: 8 */;
      unsigned short SHT1 : 4 /* disp: 12 */;
    } ADC12CTL0_bit;
  } volatile _A_ADC12CTL0;
Warning[w6]: Type conflict for external/entry "_A_ME1", in module main against external/entry in module InitSys; class/struct/union field/base types do not match for field/base 'ME1_bit'; one type is a union, the other is not
  /* In module main: */
  union /* Elements: 2, Bytes: 1 */
        /* First seen in main */
  { 
    unsigned char ME1;
    struct /* Elements: 3, Bytes: 1 */
           /* First seen in InitSys */
    { 
      unsigned char  : 6 /* disp: 0 */;
      unsigned char URXE0 : 1 /* disp: 6 */;
      unsigned char UTXE0 : 1 /* disp: 7 */;
    } ME1_bit;
  } volatile _A_ME1;
  /* In module InitSys: */
  union /* Elements: 2, Bytes: 1 */
        /* First seen in InitSys */
  { 
    unsigned char ME1;
    union /* Elements: 2, Bytes: 1 */
          /* First seen in InitSys */
    { 
      struct /* Elements: 3, Bytes: 1 */
             /* First seen in InitSys */
      { 
        unsigned char  : 6 /* disp: 0 */;
        unsigned char URXE0 : 1 /* disp: 6 */;
        unsigned char UTXE0 : 1 /* disp: 7 */;
      } ;
      struct /* Elements: 2, Bytes: 1 */
             /* First seen in InitSys */
      { 
        unsigned char  : 6 /* disp: 0 */;
        unsigned char USPIE0 : 1 /* disp: 6 */;
      } ;
    } ME1_bit;
  } volatile _A_ME1;
Warning[w6]: Type conflict for external/entry "_A_P1IE", in module main against external/entry in module InitSys; class/struct/union field/base types do not match for field/base 'P1IE_bit'; class/struct/union field names do not match: P0 vs P1IE_0
  /* In module main: */
  union /* Elements: 2, Bytes: 1 */
        /* First seen in main */
  { 
    unsigned char P1IE;
    struct /* Elements: 8, Bytes: 1 */
           /* First seen in CommDo */
    { 
      unsigned char P0 : 1 /* disp: 0 */;
      unsigned char P1 : 1 /* disp: 1 */;
      unsigned char P2 : 1 /* disp: 2 */;
      unsigned char P3 : 1 /* disp: 3 */;
      unsigned char P4 : 1 /* disp: 4 */;
      unsigned char P5 : 1 /* disp: 5 */;
      unsigned char P6 : 1 /* disp: 6 */;
      unsigned char P7 : 1 /* disp: 7 */;
    } P1IE_bit;
  } volatile _A_P1IE;
  /* In module InitSys: */
  union /* Elements: 2, Bytes: 1 */
        /* First seen in InitSys */
  { 
    unsigned char P1IE;
    struct /* Elements: 8, Bytes: 1 */
           /* First seen in InitSys */
    { 
      unsigned char P1IE_0 : 1 /* disp: 0 */;
      unsigned char P1IE_1 : 1 /* disp: 1 */;
      unsigned char P1IE_2 : 1 /* disp: 2 */;
      unsigned char P1IE_3 : 1 /* disp: 3 */;
      unsigned char P1IE_4 : 1 /* disp: 4 */;
      unsigned char P1IE_5 : 1 /* disp: 5 */;
      unsigned char P1IE_6 : 1 /* disp: 6 */;
      unsigned char P1IE_7 : 1 /* disp: 7 */;
    } P1IE_bit;
  } volatile _A_P1IE;
Warning[w6]: Type conflict for external/entry "_A_P1IFG", in module main against external/entry in module InitSys; class/struct/union field/base types do not match for field/base 'P1IFG_bit'; class/struct/union field names do not match: P0 vs P1IFG_0
  /* In module main: */
  union /* Elements: 2, Bytes: 1 */
        /* First seen in main */
  { 
    unsigned char P1IFG;
    struct /* Elements: 8, Bytes: 1 */
           /* First seen in CommDo */
    { 
      unsigned char P0 : 1 /* disp: 0 */;
      unsigned char P1 : 1 /* disp: 1 */;
      unsigned char P2 : 1 /* disp: 2 */;
      unsigned char P3 : 1 /* disp: 3 */;
      unsigned char P4 : 1 /* disp: 4 */;
      unsigned char P5 : 1 /* disp: 5 */;
      unsigned char P6 : 1 /* disp: 6 */;
      unsigned char P7 : 1 /* disp: 7 */;
    } P1IFG_bit;
  } volatile _A_P1IFG;
  /* In module InitSys: */
  union /* Elements: 2, Bytes: 1 */
        /* First seen in InitSys */
  { 
    unsigned char P1IFG;
    struct /* Elements: 8, Bytes: 1 */
           /* First seen in InitSys */
    { 
      unsigned char P1IFG_0 : 1 /* disp: 0 */;
      unsigned char P1IFG_1 : 1 /* disp: 1 */;
      unsigned char P1IFG_2 : 1 /* disp: 2 */;
      unsigned char P1IFG_3 : 1 /* disp: 3 */;
      unsigned char P1IFG_4 : 1 /* disp: 4 */;
      unsigned char P1IFG_5 : 1 /* disp: 5 */;
      unsigned char P1IFG_6 : 1 /* disp: 6 */;
      unsigned char P1IFG_7 : 1 /* disp: 7 */;
    } P1IFG_bit;
  } volatile _A_P1IFG;
Warning[w6]: Type conflict for external/entry "_A_P2IE", in module main against external/entry in module InitSys; class/struct/union field/base types do not match for field/base 'P2IE_bit'; class/struct/union field names do not match: P0 vs P2IE_0
  /* In module main: */
  union /* Elements: 2, Bytes: 1 */
        /* First seen in main */
  { 
    unsigned char P2IE;
    struct /* Elements: 8, Bytes: 1 */
           /* First seen in CommDo */
    { 
      unsigned char P0 : 1 /* disp: 0 */;
      unsigned char P1 : 1 /* disp: 1 */;
      unsigned char P2 : 1 /* disp: 2 */;
      unsigned char P3 : 1 /* disp: 3 */;
      unsigned char P4 : 1 /* disp: 4 */;
      unsigned char P5 : 1 /* disp: 5 */;
      unsigned char P6 : 1 /* disp: 6 */;
      unsigned char P7 : 1 /* disp: 7 */;
    } P2IE_bit;
  } volatile _A_P2IE;
  /* In module InitSys: */
  union /* Elements: 2, Bytes: 1 */
        /* First seen in InitSys */
  { 
    unsigned char P2IE;
    struct /* Elements: 8, Bytes: 1 */
           /* First seen in InitSys */
    { 
      unsigned char P2IE_0 : 1 /* disp: 0 */;
      unsigned char P2IE_1 : 1 /* disp: 1 */;
      unsigned char P2IE_2 : 1 /* disp: 2 */;
      unsigned char P2IE_3 : 1 /* disp: 3 */;
      unsigned char P2IE_4 : 1 /* disp: 4 */;
      unsigned char P2IE_5 : 1 /* disp: 5 */;
      unsigned char P2IE_6 : 1 /* disp: 6 */;
      unsigned char P2IE_7 : 1 /* disp: 7 */;
    } P2IE_bit;
  } volatile _A_P2IE;
Warning[w6]: Type conflict for external/entry "_A_P2IES", in module main against external/entry in module InitSys; class/struct/union field/base types do not match for field/base 'P2IES_bit'; class/struct/union field names do not match: P0 vs P2IES_0
  /* In module main: */
  union /* Elements: 2, Bytes: 1 */
        /* First seen in main */
  { 
    unsigned char P2IES;
    struct /* Elements: 8, Bytes: 1 */
           /* First seen in CommDo */
    { 
      unsigned char P0 : 1 /* disp: 0 */;
      unsigned char P1 : 1 /* disp: 1 */;
      unsigned char P2 : 1 /* disp: 2 */;
      unsigned char P3 : 1 /* disp: 3 */;
      unsigned char P4 : 1 /* disp: 4 */;
      unsigned char P5 : 1 /* disp: 5 */;
      unsigned char P6 : 1 /* disp: 6 */;
      unsigned char P7 : 1 /* disp: 7 */;
    } P2IES_bit;
  } volatile _A_P2IES;
  /* In module InitSys: */
  union /* Elements: 2, Bytes: 1 */
        /* First seen in InitSys */
  { 
    unsigned char P2IES;
    struct /* Elements: 8, Bytes: 1 */
           /* First seen in InitSys */
    { 
      unsigned char P2IES_0 : 1 /* disp: 0 */;
      unsigned char P2IES_1 : 1 /* disp: 1 */;
      unsigned char P2IES_2 : 1 /* disp: 2 */;
      unsigned char P2IES_3 : 1 /* disp: 3 */;
      unsigned char P2IES_4 : 1 /* disp: 4 */;
      unsigned char P2IES_5 : 1 /* disp: 5 */;
      unsigned char P2IES_6 : 1 /* disp: 6 */;
      unsigned char P2IES_7 : 1 /* disp: 7 */;
    } P2IES_bit;
  } volatile _A_P2IES;
Warning[w6]: Type conflict for external/entry "_A_P2IFG", in module main against external/entry in module InitSys; class/struct/union field/base types do not match for field/base 'P2IFG_bit'; class/struct/union field names do not match: P0 vs P2IFG_0
  /* In module main: */
  union /* Elements: 2, Bytes: 1 */
        /* First seen in main */
  { 
    unsigned char P2IFG;
    struct /* Elements: 8, Bytes: 1 */
           /* First seen in CommDo */
    { 
      unsigned char P0 : 1 /* disp: 0 */;
      unsigned char P1 : 1 /* disp: 1 */;
      unsigned char P2 : 1 /* disp: 2 */;
      unsigned char P3 : 1 /* disp: 3 */;
      unsigned char P4 : 1 /* disp: 4 */;
      unsigned char P5 : 1 /* disp: 5 */;
      unsigned char P6 : 1 /* disp: 6 */;
      unsigned char P7 : 1 /* disp: 7 */;
    } P2IFG_bit;
  } volatile _A_P2IFG;
  /* In module InitSys: */
  union /* Elements: 2, Bytes: 1 */
        /* First seen in InitSys */
  { 
    unsigned char P2IFG;
    struct /* Elements: 8, Bytes: 1 */
           /* First seen in InitSys */
    { 
      unsigned char P2IFG_0 : 1 /* disp: 0 */;
      unsigned char P2IFG_1 : 1 /* disp: 1 */;
      unsigned char P2IFG_2 : 1 /* disp: 2 */;
      unsigned char P2IFG_3 : 1 /* disp: 3 */;
      unsigned char P2IFG_4 : 1 /* disp: 4 */;
      unsigned char P2IFG_5 : 1 /* disp: 5 */;
      unsigned char P2IFG_6 : 1 /* disp: 6 */;
      unsigned char P2IFG_7 : 1 /* disp: 7 */;
    } P2IFG_bit;
  } volatile _A_P2IFG;
Warning[w6]: Type conflict for external/entry "_A_P2OUT", in module main against external/entry in module InitSys; class/struct/union field/base types do not match for field/base 'P2OUT_bit'; class/struct/union field names do not match: P0 vs P2OUT_0
  /* In module main: */
  union /* Elements: 2, Bytes: 1 */
        /* First seen in main */
  { 
    unsigned char P2OUT;
    struct /* Elements: 8, Bytes: 1 */
           /* First seen in CommDo */
    { 
      unsigned char P0 : 1 /* disp: 0 */;
      unsigned char P1 : 1 /* disp: 1 */;
      unsigned char P2 : 1 /* disp: 2 */;
      unsigned char P3 : 1 /* disp: 3 */;
      unsigned char P4 : 1 /* disp: 4 */;
      unsigned char P5 : 1 /* disp: 5 */;
      unsigned char P6 : 1 /* disp: 6 */;
      unsigned char P7 : 1 /* disp: 7 */;
    } P2OUT_bit;
  } volatile _A_P2OUT;
  /* In module InitSys: */
  union /* Elements: 2, Bytes: 1 */
        /* First seen in InitSys */
  { 
    unsigned char P2OUT;
    struct /* Elements: 8, Bytes: 1 */
           /* First seen in InitSys */
    { 
      unsigned char P2OUT_0 : 1 /* disp: 0 */;
      unsigned char P2OUT_1 : 1 /* disp: 1 */;
      unsigned char P2OUT_2 : 1 /* disp: 2 */;
      unsigned char P2OUT_3 : 1 /* disp: 3 */;
      unsigned char P2OUT_4 : 1 /* disp: 4 */;
      unsigned char P2OUT_5 : 1 /* disp: 5 */;
      unsigned char P2OUT_6 : 1 /* disp: 6 */;
      unsigned char P2OUT_7 : 1 /* disp: 7 */;
    } P2OUT_bit;
  } volatile _A_P2OUT;
Warning[w6]: Type conflict for external/entry "_A_P5DIR", in module main against external/entry in module InitSys; class/struct/union field/base types do not match for field/base 'P5DIR_bit'; class/struct/union field names do not match: P0 vs P5DIR_0
  /* In module main: */
  union /* Elements: 2, Bytes: 1 */
        /* First seen in main */
  { 
    unsigned char P5DIR;
    struct /* Elements: 8, Bytes: 1 */
           /* First seen in CommDo */
    { 
      unsigned char P0 : 1 /* disp: 0 */;
      unsigned char P1 : 1 /* disp: 1 */;
      unsigned char P2 : 1 /* disp: 2 */;
      unsigned char P3 : 1 /* disp: 3 */;
      unsigned char P4 : 1 /* disp: 4 */;
      unsigned char P5 : 1 /* disp: 5 */;
      unsigned char P6 : 1 /* disp: 6 */;
      unsigned char P7 : 1 /* disp: 7 */;
    } P5DIR_bit;
  } volatile _A_P5DIR;
  /* In module InitSys: */
  union /* Elements: 2, Bytes: 1 */
        /* First seen in InitSys */
  { 
    unsigned char P5DIR;
    struct /* Elements: 8, Bytes: 1 */
           /* First seen in InitSys */
    { 
      unsigned char P5DIR_0 : 1 /* disp: 0 */;
      unsigned char P5DIR_1 : 1 /* disp: 1 */;
      unsigned char P5DIR_2 : 1 /* disp: 2 */;
      unsigned char P5DIR_3 : 1 /* disp: 3 */;
      unsigned char P5DIR_4 : 1 /* disp: 4 */;
      unsigned char P5DIR_5 : 1 /* disp: 5 */;
      unsigned char P5DIR_6 : 1 /* disp: 6 */;
      unsigned char P5DIR_7 : 1 /* disp: 7 */;
    } P5DIR_bit;
  } volatile _A_P5DIR;
Warning[w6]: Type conflict for external/entry "_A_P5OUT", in module main against external/entry in module LcdDriver; class/struct/union field/base types do not match for field/base 'P5OUT_bit'; class/struct/union field names do not match: P0 vs P5OUT_0
  /* In module main: */
  union /* Elements: 2, Bytes: 1 */
        /* First seen in main */
  { 
    unsigned char P5OUT;
    struct /* Elements: 8, Bytes: 1 */
           /* First seen in CommDo */
    { 
      unsigned char P0 : 1 /* disp: 0 */;
      unsigned char P1 : 1 /* disp: 1 */;
      unsigned char P2 : 1 /* disp: 2 */;
      unsigned char P3 : 1 /* disp: 3 */;
      unsigned char P4 : 1 /* disp: 4 */;
      unsigned char P5 : 1 /* disp: 5 */;
      unsigned char P6 : 1 /* disp: 6 */;
      unsigned char P7 : 1 /* disp: 7 */;
    } P5OUT_bit;
  } volatile _A_P5OUT;
  /* In module LcdDriver: */
  union /* Elements: 2, Bytes: 1 */
        /* First seen in LcdDriver */
  { 
    unsigned char P5OUT;
    struct /* Elements: 8, Bytes: 1 */
           /* First seen in LcdDriver */
    { 
      unsigned char P5OUT_0 : 1 /* disp: 0 */;
      unsigned char P5OUT_1 : 1 /* disp: 1 */;
      unsigned char P5OUT_2 : 1 /* disp: 2 */;
      unsigned char P5OUT_3 : 1 /* disp: 3 */;
      unsigned char P5OUT_4 : 1 /* disp: 4 */;
      unsigned char P5OUT_5 : 1 /* disp: 5 */;
      unsigned char P5OUT_6 : 1 /* disp: 6 */;
      unsigned char P5OUT_7 : 1 /* disp: 7 */;
    } P5OUT_bit;
  } volatile _A_P5OUT;
Warning[w6]: Type conflict for external/entry "_A_TACCTL0", in module main against external/entry in module InitSys; class/struct/union field/base types do not match for field/base 'TACCTL0_bit'; class/struct/union field names do not match: OUTMOD0 vs OUTMOD
  /* In module main: */
  union /* Elements: 2, Bytes: 2 */
        /* First seen in main */
  { 
    unsigned short TACCTL0;
    struct /* Elements: 16, Bytes: 2 */
           /* First seen in main */
    { 
      unsigned short CCIFG : 1 /* disp: 0 */;
      unsigned short COV : 1 /* disp: 1 */;
      unsigned short OUT : 1 /* disp: 2 */;
      unsigned short CCI : 1 /* disp: 3 */;
      unsigned short CCIE : 1 /* disp: 4 */;
      unsigned short OUTMOD0 : 1 /* disp: 5 */;
      unsigned short OUTMOD1 : 1 /* disp: 6 */;
      unsigned short OUTMOD2 : 1 /* disp: 7 */;
      unsigned short CAP : 1 /* disp: 8 */;
      unsigned short  : 1 /* disp: 9 */;
      unsigned short SCCI : 1 /* disp: 10 */;
      unsigned short SCS : 1 /* disp: 11 */;
      unsigned short CCIS0 : 1 /* disp: 12 */;
      unsigned short CCIS1 : 1 /* disp: 13 */;
      unsigned short CM0 : 1 /* disp: 14 */;
      unsigned short CM1 : 1 /* disp: 15 */;
    } TACCTL0_bit;
  } volatile _A_TACCTL0;
  /* In module InitSys: */
  union /* Elements: 2, Bytes: 2 */
        /* First seen in InitSys */
  { 
    unsigned short TACCTL0;
    struct /* Elements: 12, Bytes: 2 */
           /* First seen in InitSys */
    { 
      unsigned short CCIFG : 1 /* disp: 0 */;
      unsigned short COV : 1 /* disp: 1 */;
      unsigned short OUT : 1 /* disp: 2 */;
      unsigned short CCI : 1 /* disp: 3 */;
      unsigned short CCIE : 1 /* disp: 4 */;
      unsigned short OUTMOD : 3 /* disp: 5 */;
      unsigned short CAP : 1 /* disp: 8 */;
      unsigned short  : 1 /* disp: 9 */;
      unsigned short SCCI : 1 /* disp: 10 */;
      unsigned short SCS : 1 /* disp: 11 */;
      unsigned short CCIS : 2 /* disp: 12 */;
      unsigned short CM : 2 /* disp: 14 */;
    } TACCTL0_bit;
  } volatile _A_TACCTL0;
Warning[w6]: Type conflict for external/entry "_A_TACCTL1", in module main against external/entry in module InitSys; class/struct/union field/base types do not match for field/base 'TACCTL1_bit'; class/struct/union field names do not match: OUTMOD0 vs OUTMOD
  /* In module main: */
  union /* Elements: 2, Bytes: 2 */
        /* First seen in main */
  { 
    unsigned short TACCTL1;
    struct /* Elements: 16, Bytes: 2 */
           /* First seen in main */
    { 
      unsigned short CCIFG : 1 /* disp: 0 */;
      unsigned short COV : 1 /* disp: 1 */;
      unsigned short OUT : 1 /* disp: 2 */;
      unsigned short CCI : 1 /* disp: 3 */;
      unsigned short CCIE : 1 /* disp: 4 */;
      unsigned short OUTMOD0 : 1 /* disp: 5 */;
      unsigned short OUTMOD1 : 1 /* disp: 6 */;
      unsigned short OUTMOD2 : 1 /* disp: 7 */;
      unsigned short CAP : 1 /* disp: 8 */;
      unsigned short  : 1 /* disp: 9 */;
      unsigned short SCCI : 1 /* disp: 10 */;
      unsigned short SCS : 1 /* disp: 11 */;
      unsigned short CCIS0 : 1 /* disp: 12 */;
      unsigned short CCIS1 : 1 /* disp: 13 */;
      unsigned short CM0 : 1 /* disp: 14 */;
      unsigned short CM1 : 1 /* disp: 15 */;
    } TACCTL1_bit;
  } volatile _A_TACCTL1;
  /* In module InitSys: */
  union /* Elements: 2, Bytes: 2 */
        /* First seen in InitSys */
  { 
    unsigned short TACCTL1;
    struct /* Elements: 12, Bytes: 2 */
           /* First seen in InitSys */
    { 
      unsigned short CCIFG : 1 /* disp: 0 */;
      unsigned short COV : 1 /* disp: 1 */;
      unsigned short OUT : 1 /* disp: 2 */;
      unsigned short CCI : 1 /* disp: 3 */;
      unsigned short CCIE : 1 /* disp: 4 */;
      unsigned short OUTMOD : 3 /* disp: 5 */;
      unsigned short CAP : 1 /* disp: 8 */;
      unsigned short  : 1 /* disp: 9 */;
      unsigned short SCCI : 1 /* disp: 10 */;
      unsigned short SCS : 1 /* disp: 11 */;
      unsigned short CCIS : 2 /* disp: 12 */;
      unsigned short CM : 2 /* disp: 14 */;
    } TACCTL1_bit;
  } volatile _A_TACCTL1;
Warning[w6]: Type conflict for external/entry "_A_TACCTL2", in module main against external/entry in module InitSys; class/struct/union field/base types do not match for field/base 'TACCTL2_bit'; class/struct/union field names do not match: OUTMOD0 vs OUTMOD
  /* In module main: */
  union /* Elements: 2, Bytes: 2 */
        /* First seen in main */
  { 
    unsigned short TACCTL2;
    struct /* Elements: 16, Bytes: 2 */
           /* First seen in main */
    { 
      unsigned short CCIFG : 1 /* disp: 0 */;
      unsigned short COV : 1 /* disp: 1 */;
      unsigned short OUT : 1 /* disp: 2 */;
      unsigned short CCI : 1 /* disp: 3 */;
      unsigned short CCIE : 1 /* disp: 4 */;
      unsigned short OUTMOD0 : 1 /* disp: 5 */;
      unsigned short OUTMOD1 : 1 /* disp: 6 */;
      unsigned short OUTMOD2 : 1 /* disp: 7 */;
      unsigned short CAP : 1 /* disp: 8 */;
      unsigned short  : 1 /* disp: 9 */;
      unsigned short SCCI : 1 /* disp: 10 */;
      unsigned short SCS : 1 /* disp: 11 */;
      unsigned short CCIS0 : 1 /* disp: 12 */;
      unsigned short CCIS1 : 1 /* disp: 13 */;
      unsigned short CM0 : 1 /* disp: 14 */;
      unsigned short CM1 : 1 /* disp: 15 */;
    } TACCTL2_bit;
  } volatile _A_TACCTL2;
  /* In module InitSys: */
  union /* Elements: 2, Bytes: 2 */
        /* First seen in InitSys */
  { 
    unsigned short TACCTL2;
    struct /* Elements: 12, Bytes: 2 */
           /* First seen in InitSys */
    { 
      unsigned short CCIFG : 1 /* disp: 0 */;
      unsigned short COV : 1 /* disp: 1 */;
      unsigned short OUT : 1 /* disp: 2 */;
      unsigned short CCI : 1 /* disp: 3 */;
      unsigned short CCIE : 1 /* disp: 4 */;
      unsigned short OUTMOD : 3 /* disp: 5 */;
      unsigned short CAP : 1 /* disp: 8 */;
      unsigned short  : 1 /* disp: 9 */;
      unsigned short SCCI : 1 /* disp: 10 */;
      unsigned short SCS : 1 /* disp: 11 */;
      unsigned short CCIS : 2 /* disp: 12 */;
      unsigned short CM : 2 /* disp: 14 */;
    } TACCTL2_bit;
  } volatile _A_TACCTL2;
Warning[w6]: Type conflict for external/entry "_A_TACTL", in module main against external/entry in module InitSys; class/struct/union field/base types do not match for field/base 'TACTL_bit'; class/struct/union field names do not match: MC0 vs TAMC
  /* In module main: */
  union /* Elements: 2, Bytes: 2 */
        /* First seen in main */
  { 
    unsigned short TACTL;
    struct /* Elements: 10, Bytes: 2 */
           /* First seen in main */
    { 
      unsigned short TAIFG : 1 /* disp: 0 */;
      unsigned short TAIE : 1 /* disp: 1 */;
      unsigned short TACLR : 1 /* disp: 2 */;
      unsigned short  : 1 /* disp: 3 */;
      unsigned short MC0 : 1 /* disp: 4 */;
      unsigned short MC1 : 1 /* disp: 5 */;
      unsigned short ID0 : 1 /* disp: 6 */;
      unsigned short ID1 : 1 /* disp: 7 */;
      unsigned short TASSEL0 : 1 /* disp: 8 */;
      unsigned short TASSEL1 : 1 /* disp: 9 */;
    } TACTL_bit;
  } volatile _A_TACTL;
  /* In module InitSys: */
  union /* Elements: 2, Bytes: 2 */
        /* First seen in InitSys */
  { 
    unsigned short TACTL;
    struct /* Elements: 8, Bytes: 2 */
           /* First seen in InitSys */
    { 
      unsigned short TAIFG : 1 /* disp: 0 */;
      unsigned short TAIE : 1 /* disp: 1 */;
      unsigned short TACLR : 1 /* disp: 2 */;
      unsigned short  : 1 /* disp: 3 */;
      unsigned short TAMC : 2 /* disp: 4 */;
      unsigned short TAID : 2 /* disp: 6 */;
      unsigned short TASSEL : 2 /* disp: 8 */;
      unsigned short  : 6 /* disp: 10 */;
    } TACTL_bit;
  } volatile _A_TACTL;
Warning[w6]: Type conflict for external/entry "_A_TBCCTL0", in module main against external/entry in module InitSys; class/struct/union field/base types do not match for field/base 'TBCCTL0_bit'; class/struct/union field names do not match: OUTMOD0 vs OUTMOD
  /* In module main: */
  union /* Elements: 2, Bytes: 2 */
        /* First seen in main */
  { 
    unsigned short TBCCTL0;
    struct /* Elements: 16, Bytes: 2 */
           /* First seen in main */
    { 
      unsigned short CCIFG : 1 /* disp: 0 */;
      unsigned short COV : 1 /* disp: 1 */;
      unsigned short OUT : 1 /* disp: 2 */;
      unsigned short CCI : 1 /* disp: 3 */;
      unsigned short CCIE : 1 /* disp: 4 */;
      unsigned short OUTMOD0 : 1 /* disp: 5 */;
      unsigned short OUTMOD1 : 1 /* disp: 6 */;
      unsigned short OUTMOD2 : 1 /* disp: 7 */;
      unsigned short CAP : 1 /* disp: 8 */;
      unsigned short CLLD0 : 1 /* disp: 9 */;
      unsigned short CLLD1 : 1 /* disp: 10 */;
      unsigned short SCS : 1 /* disp: 11 */;
      unsigned short CCIS0 : 1 /* disp: 12 */;
      unsigned short CCIS1 : 1 /* disp: 13 */;
      unsigned short CM0 : 1 /* disp: 14 */;
      unsigned short CM1 : 1 /* disp: 15 */;
    } TBCCTL0_bit;
  } volatile _A_TBCCTL0;
  /* In module InitSys: */
  union /* Elements: 2, Bytes: 2 */
        /* First seen in InitSys */
  { 
    unsigned short TBCCTL0;
    struct /* Elements: 11, Bytes: 2 */
           /* First seen in InitSys */
    { 
      unsigned short CCIFG : 1 /* disp: 0 */;
      unsigned short COV : 1 /* disp: 1 */;
      unsigned short OUT : 1 /* disp: 2 */;
      unsigned short CCI : 1 /* disp: 3 */;
      unsigned short CCIE : 1 /* disp: 4 */;
      unsigned short OUTMOD : 3 /* disp: 5 */;
      unsigned short CAP : 1 /* disp: 8 */;
      unsigned short CLLD : 2 /* disp: 9 */;
      unsigned short SCS : 1 /* disp: 11 */;
      unsigned short CCIS : 2 /* disp: 12 */;
      unsigned short CM : 2 /* disp: 14 */;
    } TBCCTL0_bit;
  } volatile _A_TBCCTL0;
Warning[w6]: Type conflict for external/entry "_A_TBCCTL1", in module main against external/entry in module InitSys; class/struct/union field/base types do not match for field/base 'TBCCTL1_bit'; class/struct/union field names do not match: OUTMOD0 vs OUTMOD
  /* In module main: */
  union /* Elements: 2, Bytes: 2 */
        /* First seen in main */
  { 
    unsigned short TBCCTL1;
    struct /* Elements: 16, Bytes: 2 */
           /* First seen in main */
    { 
      unsigned short CCIFG : 1 /* disp: 0 */;
      unsigned short COV : 1 /* disp: 1 */;
      unsigned short OUT : 1 /* disp: 2 */;
      unsigned short CCI : 1 /* disp: 3 */;
      unsigned short CCIE : 1 /* disp: 4 */;
      unsigned short OUTMOD0 : 1 /* disp: 5 */;
      unsigned short OUTMOD1 : 1 /* disp: 6 */;
      unsigned short OUTMOD2 : 1 /* disp: 7 */;
      unsigned short CAP : 1 /* disp: 8 */;
      unsigned short CLLD0 : 1 /* disp: 9 */;
      unsigned short CLLD1 : 1 /* disp: 10 */;
      unsigned short SCS : 1 /* disp: 11 */;
      unsigned short CCIS0 : 1 /* disp: 12 */;
      unsigned short CCIS1 : 1 /* disp: 13 */;
      unsigned short CM0 : 1 /* disp: 14 */;
      unsigned short CM1 : 1 /* disp: 15 */;
    } TBCCTL1_bit;
  } volatile _A_TBCCTL1;
  /* In module InitSys: */
  union /* Elements: 2, Bytes: 2 */
        /* First seen in InitSys */
  { 
    unsigned short TBCCTL1;
    struct /* Elements: 11, Bytes: 2 */
           /* First seen in InitSys */
    { 
      unsigned short CCIFG : 1 /* disp: 0 */;
      unsigned short COV : 1 /* disp: 1 */;
      unsigned short OUT : 1 /* disp: 2 */;
      unsigned short CCI : 1 /* disp: 3 */;
      unsigned short CCIE : 1 /* disp: 4 */;
      unsigned short OUTMOD : 3 /* disp: 5 */;
      unsigned short CAP : 1 /* disp: 8 */;
      unsigned short CLLD : 2 /* disp: 9 */;
      unsigned short SCS : 1 /* disp: 11 */;
      unsigned short CCIS : 2 /* disp: 12 */;
      unsigned short CM : 2 /* disp: 14 */;
    } TBCCTL1_bit;
  } volatile _A_TBCCTL1;
Warning[w6]: Type conflict for external/entry "_A_TBCTL", in module main against external/entry in module InitSys; class/struct/union field/base types do not match for field/base 'TBCTL_bit'; class/struct/union field names do not match: MC0 vs TBMC
  /* In module main: */
  union /* Elements: 2, Bytes: 2 */
        /* First seen in main */
  { 
    unsigned short TBCTL;
    struct /* Elements: 15, Bytes: 2 */
           /* First seen in main */
    { 
      unsigned short TBIFG : 1 /* disp: 0 */;
      unsigned short TBIE : 1 /* disp: 1 */;
      unsigned short TBCLR : 1 /* disp: 2 */;
      unsigned short  : 1 /* disp: 3 */;
      unsigned short MC0 : 1 /* disp: 4 */;
      unsigned short MC1 : 1 /* disp: 5 */;
      unsigned short ID0 : 1 /* disp: 6 */;
      unsigned short ID1 : 1 /* disp: 7 */;
      unsigned short TBSSEL0 : 1 /* disp: 8 */;
      unsigned short TBSSEL1 : 1 /* disp: 9 */;
      unsigned short  : 1 /* disp: 10 */;
      unsigned short CNTL0 : 1 /* disp: 11 */;
      unsigned short CNTL1 : 1 /* disp: 12 */;
      unsigned short TBCLGRP0 : 1 /* disp: 13 */;
      unsigned short TBCLGRP1 : 1 /* disp: 14 */;
    } TBCTL_bit;
  } volatile _A_TBCTL;
  /* In module InitSys: */
  union /* Elements: 2, Bytes: 2 */
        /* First seen in InitSys */
  { 
    unsigned short TBCTL;
    struct /* Elements: 11, Bytes: 2 */
           /* First seen in InitSys */
    { 
      unsigned short TBIFG : 1 /* disp: 0 */;
      unsigned short TBIE : 1 /* disp: 1 */;
      unsigned short TBCLR : 1 /* disp: 2 */;
      unsigned short  : 1 /* disp: 3 */;
      unsigned short TBMC : 2 /* disp: 4 */;
      unsigned short TBID : 2 /* disp: 6 */;
      unsigned short TBSSEL : 2 /* disp: 8 */;
      unsigned short  : 1 /* disp: 10 */;
      unsigned short TBCNTL : 2 /* disp: 11 */;
      unsigned short TBCLGRP : 2 /* disp: 13 */;
      unsigned short  : 1 /* disp: 15 */;
    } TBCTL_bit;
  } volatile _A_TBCTL;
################################################################################
#                                                                              #
#      IAR Universal Linker V5.3.2.26                                          #
#                                                                              #
#           Link time     =  31/May/2016  14:44:01                             #
#           Target CPU    =  MSP430                                            #
#           List file     =  D:\wireless_test\Debug\List\wirelessWB.map        #
#           Output file 1 =  D:\wireless_test\Debug\Exe\wirelessWB.d43         #
#                            Format: debug                                     #
#                            UBROF version 10.0.6                              #
#                            Using library modules for C-SPY (-rt)             #
#           Command line  =  D:\wireless_test\Debug\Obj\CalFromTab.r43         #
#                            D:\wireless_test\Debug\Obj\CommDo.r43             #
#                            D:\wireless_test\Debug\Obj\DispDataDo.r43         #
#                            D:\wireless_test\Debug\Obj\FlashWR.r43            #
#                            D:\wireless_test\Debug\Obj\InitSys.r43            #
#                            D:\wireless_test\Debug\Obj\InputDo.r43            #
#                            D:\wireless_test\Debug\Obj\Key.r43                #
#                            D:\wireless_test\Debug\Obj\LcdDriver.r43          #
#                            D:\wireless_test\Debug\Obj\main.r43 -o            #
#                            D:\wireless_test\Debug\Exe\wirelessWB.d43 -l      #
#                            D:\wireless_test\Debug\List\wirelessWB.map        #
#                            -xmso                                             #
#                            "-IC:\Program Files\IAR Systems\Embedded Workbenc #
#                            h 6.4 Evaluation\430\LIB\"                        #
#                            -f                                                #
#                            "C:\Program Files\IAR Systems\Embedded Workbench  #
#                            6.4 Evaluation\430\CONFIG\lnk430F149.xcl"         #
#                            (-cmsp430 -QCODE_I=CODE_ID                        #
#                            -Z(DATA)DATA16_I,DATA16_Z,DATA16_N,TLS16_I,DATA16 #
#                            _HEAP+_DATA16_HEAP_SIZE=0200-09FF                 #
#                            -Z(DATA)CODE_I -Z(DATA)CSTACK+_STACK_SIZE#        #
#                            -Z(CONST)INFO=1000-10FF                           #
#                            -Z(CONST)INFOA=1080-10FF                          #
#                            -Z(CONST)INFOB=1000-107F                          #
#                            -Z(CONST)DATA16_C,DATA16_ID,TLS16_ID,DIFUNCT,CHEC #
#                            KSUM=1100-FFDF                                    #
#                            -Z(CODE)CSTART,ISR_CODE,CODE_ID=1100-FFDF         #
#                            -P(CODE)CODE=1100-FFDF -Z(CODE)INTVEC=FFE0-FFFF   #
#                            -Z(CODE)RESET=FFFE-FFFF) -f                       #
#                            "C:\Program Files\IAR Systems\Embedded Workbench  #
#                            6.4 Evaluation\430\config\multiplier.xcl"         #
#                            (-e?Mul8Hw=?Mul8 -e?Mul16Hw=?Mul16                #
#                            -e?Mul16to32uHw=?Mul16to32u                       #
#                            -e?Mul16to32sHw=?Mul16to32s -e?Mul32Hw=?Mul32     #
#                            -e_Mul64iHw=_Mul64i                               #
#                            -e_Mul32u32uto64iHw=_Mul32u32uto64i               #
#                            -e?Mul32fHw=_Mul32f -e_Mul64fHwPtr=_Mul64fPtr)    #
#                            -D_STACK_SIZE=B4 -rt                              #
#                            "C:\Program Files\IAR Systems\Embedded Workbench  #
#                            6.4 Evaluation\430\LIB\DLIB\dl430fn.r43"          #
#                            -e_PrintfLarge=_Printf -e_ScanfLarge=_Scanf       #
#                            -D_DATA16_HEAP_SIZE=B4 -s __program_start         #
#                            -D_DATA20_HEAP_SIZE=50                            #
#                                                                              #
#                           Copyright (C) 1987-2012 IAR Systems AB.            #
################################################################################





                ****************************************
                *                                      *
                *           CROSS REFERENCE            *
                *                                      *
                ****************************************

       Program entry at :           2BBE  Relocatable, from module : ?cstart




                ****************************************
                *                                      *
                *            RUNTIME MODEL             *
                *                                      *
                ****************************************

  __Heap_Handler             = Basic
  __SystemLibrary            = DLib
  __core                     = 430
  __dlib_file_descriptor     = 0
  __dlib_full_locale_support = 0
  __double_size              = 32
  __pic                      = no
  __reg_r4                   = free
  __reg_r5                   = free
  __rt_version               = 3

                ****************************************
                *                                      *
                *    AUTOMATIC SYMBOL REDIRECTIONS     *
                *                                      *
                ****************************************

                  There are no automatic symbol redirections.



                ****************************************
                *                                      *
                *              MODULE MAP              *
                *                                      *
                ****************************************


  DEFINED ABSOLUTE ENTRIES
    *************************************************************************

  DEFINED ABSOLUTE ENTRIES
  PROGRAM MODULE, NAME : ?ABS_ENTRY_MOD

Absolute parts
           ENTRY                   ADDRESS         REF BY
           =====                   =======         ======
           _DATA20_HEAP_SIZE       0050 
           _DATA16_HEAP_SIZE       00B4 
           _STACK_SIZE             00B4 
    *************************************************************************

  FILE NAME : D:\wireless_test\Debug\Obj\CalFromTab.r43
  PROGRAM MODULE, NAME : CalFromTab

  SEGMENTS IN THE MODULE
  ======================
DATA16_C
  Relative segment, address: 1100 - 1145 (0x46 bytes), align: 1
  Segment part 2.             Intra module refs:   SearchTab
           ENTRY                   ADDRESS         REF BY
           =====                   =======         ======
           tb_pt1000               1100 
    -------------------------------------------------------------------------
<CODE> 1 (was CODE)
  Relative segment, address: 51E2 - 53D5 (0x1f4 bytes), align: 1
  Segment part 4.
           ENTRY                   ADDRESS         REF BY
           =====                   =======         ======
           CalFromTab              51E2            main (main)
               calls direct
               CSTACK = 00000000 ( 0000001A )
    -------------------------------------------------------------------------
<CODE> 1 (was CODE)
  Relative segment, address: 5A48 - 5B93 (0x14c bytes), align: 1
  Segment part 3.             Intra module refs:   CalFromTab
           ENTRY                   ADDRESS         REF BY
           =====                   =======         ======
           SearchTab               5A48 
               calls direct
               CSTACK = 00000000 ( 00000014 )

    *************************************************************************

  FILE NAME : D:\wireless_test\Debug\Obj\CommDo.r43
  PROGRAM MODULE, NAME : CommDo

  SEGMENTS IN THE MODULE
  ======================
DATA16_AN
  Relative segment, address: 0120 - 0121 (0x2 bytes), align: 0
  Segment part 1. ROOT.       Intra module refs:   CommSentData
                                                   Port2Int (main)
                                                   TimerB0Int (main)
                                                   TimerB1Int (main)
                                                   WRFlash (FlashWR)
                                                   main (main)
           ENTRY                   ADDRESS         REF BY
           =====                   =======         ======
           _A_WDTCTL               0120 
           LOCAL                   ADDRESS         
           =====                   =======         
           WDTCTL                  0120 
           WDTCTL_bit              0120 
    -------------------------------------------------------------------------
DATA16_AN
  Relative segment, address: 0019 - 0019 (0x1 bytes), align: 0
  Segment part 2. ROOT.       Intra module refs:   CommSentData
                                                   GoIntoActiveMode (main)
                                                   GoIntoSleepMode (main)
                                                   Port1Int (main)
                                                   SPCInit (main)
                                                   TimerB0Int (main)
                                                   TimerB1Int (main)
                                                   main (main)
           ENTRY                   ADDRESS         REF BY
           =====                   =======         ======
           _A_P3OUT                0019 
           LOCAL                   ADDRESS         
           =====                   =======         
           P3OUT                   0019 
           P3OUT_bit               0019 
    -------------------------------------------------------------------------
DATA16_AN
  Relative segment, address: 001D - 001D (0x1 bytes), align: 0
  Segment part 3. ROOT.       Intra module refs:   CheckBusy (LcdDriver)
                                                   CommSentData
                                                   GoIntoSleepMode (main)
                                                   InitSysBasic (InitSys)
                                                   LcdInit (LcdDriver)
                                                   SPCInit (main)
                                                   TimerB1Int (main)
                                                   WriteCommand (LcdDriver)
                                                   WriteData (LcdDriver)
                                                   main (main)
           ENTRY                   ADDRESS         REF BY
           =====                   =======         ======
           _A_P4OUT                001D 
           LOCAL                   ADDRESS         
           =====                   =======         
           P4OUT                   001D 
           P4OUT_bit               001D 
    -------------------------------------------------------------------------
DATA16_Z
  Relative segment, address: 02A2 - 02A5 (0x4 bytes), align: 1
  Segment part 5.             Intra module refs:   CommNormalData
                                                   CommSentData
           ENTRY                   ADDRESS         REF BY
           =====                   =======         ======
           float_byte              02A2 
    -------------------------------------------------------------------------
<CODE> 1 (was CODE)
  Relative segment, address: 3CEA - 43BB (0x6d2 bytes), align: 1
  Segment part 11.
           ENTRY                   ADDRESS         REF BY
           =====                   =======         ======
           CommSentData            3CEA            main (main)
               calls direct
               CSTACK = 00000000 ( 0000000A )
    -------------------------------------------------------------------------
<CODE> 1 (was CODE)
  Relative segment, address: 5DF6 - 5F19 (0x124 bytes), align: 1
  Segment part 10.            Intra module refs:   CommSentData
           ENTRY                   ADDRESS         REF BY
           =====                   =======         ======
           CommNormalData          5DF6            main (main)
               calls direct
               CSTACK = 00000000 ( 00000004 )
    -------------------------------------------------------------------------
<CODE> 1 (was CODE)
  Relative segment, address: 6036 - 613F (0x10a bytes), align: 1
  Segment part 9.
           ENTRY                   ADDRESS         REF BY
           =====                   =======         ======
           ConfigDataWrite         6036            main (main)
               CSTACK = 00000000 ( 00000002 )
    -------------------------------------------------------------------------
<CODE> 1 (was CODE)
  Relative segment, address: 7056 - 70A5 (0x50 bytes), align: 1
  Segment part 8.
           ENTRY                   ADDRESS         REF BY
           =====                   =======         ======
           ConfigDataRead          7056            main (main)
               CSTACK = 00000000 ( 00000002 )
    -------------------------------------------------------------------------
DATA16_C
  Relative segment, address: 1146 - 1165 (0x20 bytes), align: 1
  Segment part 6.             Intra module refs:   CrcCheck
           ENTRY                   ADDRESS         REF BY
           =====                   =======         ======
           crc_table               1146 
    -------------------------------------------------------------------------
<CODE> 1 (was CODE)
  Relative segment, address: 6D10 - 6D7D (0x6e bytes), align: 1
  Segment part 7.             Intra module refs:   CommNormalData
                                                   CommSentData
           ENTRY                   ADDRESS         REF BY
           =====                   =======         ======
           CrcCheck                6D10 
               CSTACK = 00000000 ( 00000004 )

    *************************************************************************

  FILE NAME : D:\wireless_test\Debug\Obj\DispDataDo.r43
  PROGRAM MODULE, NAME : DispDataDo

  SEGMENTS IN THE MODULE
  ======================
<CODE> 1 (was CODE)
  Relative segment, address: 65B4 - 665B (0xa8 bytes), align: 1
  Segment part 5.
           ENTRY                   ADDRESS         REF BY
           =====                   =======         ======
           SetDataDisp             65B4            Key (Key)
               calls direct
               CSTACK = 00000000 ( 0000000A )
    -------------------------------------------------------------------------
<CODE> 1 (was CODE)
  Relative segment, address: 53D6 - 55BF (0x1ea bytes), align: 1
  Segment part 2.             Intra module refs:   NormalDisp
           ENTRY                   ADDRESS         REF BY
           =====                   =======         ======
           DigitalRefresh          53D6            TimerB1Int (main)
               calls direct
               CSTACK = 00000000 ( 0000000A )
    -------------------------------------------------------------------------
<CODE> 1 (was CODE)
  Relative segment, address: 6D7E - 6DE5 (0x68 bytes), align: 1
  Segment part 4.
           ENTRY                   ADDRESS         REF BY
           =====                   =======         ======
           MenuDisp                6D7E            Key (Key)
               calls direct
               CSTACK = 00000000 ( 00000002 )
    -------------------------------------------------------------------------
<CODE> 1 (was CODE)
  Relative segment, address: 4F84 - 51E1 (0x25e bytes), align: 1
  Segment part 3.
           ENTRY                   ADDRESS         REF BY
           =====                   =======         ======
           NormalDisp              4F84            CommSentData (CommDo)
                                                   Key (Key)
                                                   TimerB1Int (main)
                                                   main (main)
               calls direct
               CSTACK = 00000000 ( 00000002 )

    *************************************************************************

  FILE NAME : D:\wireless_test\Debug\Obj\FlashWR.r43
  PROGRAM MODULE, NAME : FlashWR

  SEGMENTS IN THE MODULE
  ======================
DATA16_AN
  Relative segment, address: 0128 - 0129 (0x2 bytes), align: 0
  Segment part 2. ROOT.       Intra module refs:   WRFlash
           ENTRY                   ADDRESS         REF BY
           =====                   =======         ======
           _A_FCTL1                0128 
    -------------------------------------------------------------------------
DATA16_AN
  Relative segment, address: 012C - 012D (0x2 bytes), align: 0
  Segment part 3. ROOT.       Intra module refs:   RDFlash
                                                   WRFlash
           ENTRY                   ADDRESS         REF BY
           =====                   =======         ======
           _A_FCTL3                012C 
    -------------------------------------------------------------------------
<CODE> 1 (was CODE)
  Relative segment, address: 70F2 - 7139 (0x48 bytes), align: 1
  Segment part 6.
           ENTRY                   ADDRESS         REF BY
           =====                   =======         ======
           WRFlash                 70F2            CommSentData (CommDo)
                                                   Key (Key)
                                                   main (main)
               CSTACK = 00000000 ( 00000002 )
    -------------------------------------------------------------------------
<CODE> 1 (was CODE)
  Relative segment, address: 7232 - 7269 (0x38 bytes), align: 1
  Segment part 5.
           ENTRY                   ADDRESS         REF BY
           =====                   =======         ======
           RDFlash                 7232            CommSentData (CommDo)
                                                   Key (Key)
                                                   main (main)
               CSTACK = 00000000 ( 00000004 )

    *************************************************************************

  FILE NAME : D:\wireless_test\Debug\Obj\InitSys.r43
  PROGRAM MODULE, NAME : InitSys

  SEGMENTS IN THE MODULE
  ======================
DATA16_AN
  Relative segment, address: 0000 - 0000 (0x1 bytes), align: 0
  Segment part 1. ROOT.       Intra module refs:   InitSysForActive
                                                   InitSysForPowerOff
                                                   InitSysForStandby
           ENTRY                   ADDRESS         REF BY
           =====                   =======         ======
           _A_IE1                  0000 
    -------------------------------------------------------------------------
DATA16_AN
  Relative segment, address: 0004 - 0004 (0x1 bytes), align: 0
  Segment part 2. ROOT.       Intra module refs:   GoIntoSleepMode (main)
                                                   InitSysForActive
                                                   InitSysForPowerOff
                                                   InitSysForStandby
                                                   main (main)
                                                   receive_int (main)
           ENTRY                   ADDRESS         REF BY
           =====                   =======         ======
           _A_ME1                  0004 
    -------------------------------------------------------------------------
DATA16_AN
  Relative segment, address: 0021 - 0021 (0x1 bytes), align: 0
  Segment part 3. ROOT.       Intra module refs:   InitSysBasic
                                                   InitSysForPowerOff
                                                   InitSysForStandby
           ENTRY                   ADDRESS         REF BY
           =====                   =======         ======
           _A_P1OUT                0021 
    -------------------------------------------------------------------------
DATA16_AN
  Relative segment, address: 0022 - 0022 (0x1 bytes), align: 0
  Segment part 4. ROOT.       Intra module refs:   InitSysBasic
                                                   InitSysForActive
                                                   InitSysForPowerOff
                                                   InitSysForStandby
           ENTRY                   ADDRESS         REF BY
           =====                   =======         ======
           _A_P1DIR                0022 
    -------------------------------------------------------------------------
DATA16_AN
  Relative segment, address: 0023 - 0023 (0x1 bytes), align: 0
  Segment part 5. ROOT.       Intra module refs:   InitSysForActive
                                                   InitSysForStandby
                                                   Port1Int (main)
                                                   main (main)
           ENTRY                   ADDRESS         REF BY
           =====                   =======         ======
           _A_P1IFG                0023 
    -------------------------------------------------------------------------
DATA16_AN
  Relative segment, address: 0024 - 0024 (0x1 bytes), align: 0
  Segment part 6. ROOT.       Intra module refs:   InitSysForActive
                                                   InitSysForStandby
           ENTRY                   ADDRESS         REF BY
           =====                   =======         ======
           _A_P1IES                0024 
    -------------------------------------------------------------------------
DATA16_AN
  Relative segment, address: 0025 - 0025 (0x1 bytes), align: 0
  Segment part 7. ROOT.       Intra module refs:   GoIntoSleepMode (main)
                                                   InitSysBasic
                                                   InitSysForActive
                                                   InitSysForPowerOff
                                                   InitSysForStandby
                                                   Port1Int (main)
                                                   TimerB0Int (main)
                                                   TimerB1Int (main)
           ENTRY                   ADDRESS         REF BY
           =====                   =======         ======
           _A_P1IE                 0025 
    -------------------------------------------------------------------------
DATA16_AN
  Relative segment, address: 0026 - 0026 (0x1 bytes), align: 0
  Segment part 8. ROOT.       Intra module refs:   InitSysForActive
                                                   InitSysForPowerOff
                                                   InitSysForStandby
           ENTRY                   ADDRESS         REF BY
           =====                   =======         ======
           _A_P1SEL                0026 
    -------------------------------------------------------------------------
DATA16_AN
  Relative segment, address: 0029 - 0029 (0x1 bytes), align: 0
  Segment part 9. ROOT.       Intra module refs:   GoIntoActiveMode (main)
                                                   GoIntoSleepMode (main)
                                                   InitSysForPowerOff
                                                   InitSysForStandby
                                                   InputDo (InputDo)
                                                   Port2Int (main)
                                                   SPCInit (main)
                                                   main (main)
           ENTRY                   ADDRESS         REF BY
           =====                   =======         ======
           _A_P2OUT                0029 
    -------------------------------------------------------------------------
DATA16_AN
  Relative segment, address: 002A - 002A (0x1 bytes), align: 0
  Segment part 10. ROOT.      Intra module refs:   InitSysBasic
                                                   InitSysForActive
                                                   InitSysForPowerOff
                                                   InitSysForStandby
           ENTRY                   ADDRESS         REF BY
           =====                   =======         ======
           _A_P2DIR                002A 
    -------------------------------------------------------------------------
DATA16_AN
  Relative segment, address: 002B - 002B (0x1 bytes), align: 0
  Segment part 11. ROOT.      Intra module refs:   GoIntoSleepMode (main)
                                                   InitSysBasic
                                                   Port2Int (main)
                                                   TimerB1Int (main)
                                                   main (main)
           ENTRY                   ADDRESS         REF BY
           =====                   =======         ======
           _A_P2IFG                002B 
    -------------------------------------------------------------------------
DATA16_AN
  Relative segment, address: 002C - 002C (0x1 bytes), align: 0
  Segment part 12. ROOT.      Intra module refs:   GoIntoSleepMode (main)
                                                   InitSysBasic
                                                   TimerB1Int (main)
                                                   main (main)
           ENTRY                   ADDRESS         REF BY
           =====                   =======         ======
           _A_P2IES                002C 
    -------------------------------------------------------------------------
DATA16_AN
  Relative segment, address: 002D - 002D (0x1 bytes), align: 0
  Segment part 13. ROOT.      Intra module refs:   GoIntoSleepMode (main)
                                                   InitSysBasic
                                                   Port2Int (main)
                                                   TimerB1Int (main)
                                                   main (main)
           ENTRY                   ADDRESS         REF BY
           =====                   =======         ======
           _A_P2IE                 002D 
    -------------------------------------------------------------------------
DATA16_AN
  Relative segment, address: 001A - 001A (0x1 bytes), align: 0
  Segment part 14. ROOT.      Intra module refs:   InitSysBasic
           ENTRY                   ADDRESS         REF BY
           =====                   =======         ======
           _A_P3DIR                001A 
    -------------------------------------------------------------------------
DATA16_AN
  Relative segment, address: 001B - 001B (0x1 bytes), align: 0
  Segment part 15. ROOT.      Intra module refs:   InitSysBasic
           ENTRY                   ADDRESS         REF BY
           =====                   =======         ======
           _A_P3SEL                001B 
    -------------------------------------------------------------------------
DATA16_AN
  Relative segment, address: 001E - 001E (0x1 bytes), align: 0
  Segment part 17. ROOT.      Intra module refs:   InitSysBasic
           ENTRY                   ADDRESS         REF BY
           =====                   =======         ======
           _A_P4DIR                001E 
    -------------------------------------------------------------------------
DATA16_AN
  Relative segment, address: 0032 - 0032 (0x1 bytes), align: 0
  Segment part 18. ROOT.      Intra module refs:   CheckBusy (LcdDriver)
                                                   GoIntoSleepMode (main)
                                                   InitSysBasic
                                                   main (main)
           ENTRY                   ADDRESS         REF BY
           =====                   =======         ======
           _A_P5DIR                0032 
    -------------------------------------------------------------------------
DATA16_AN
  Relative segment, address: 0036 - 0036 (0x1 bytes), align: 0
  Segment part 19. ROOT.      Intra module refs:   InitSysBasic
           ENTRY                   ADDRESS         REF BY
           =====                   =======         ======
           _A_P6DIR                0036 
    -------------------------------------------------------------------------
DATA16_AN
  Relative segment, address: 0037 - 0037 (0x1 bytes), align: 0
  Segment part 20. ROOT.      Intra module refs:   InitSysForActive
                                                   InitSysForPowerOff
                                                   InitSysForStandby
           ENTRY                   ADDRESS         REF BY
           =====                   =======         ======
           _A_P6SEL                0037 
    -------------------------------------------------------------------------
DATA16_AN
  Relative segment, address: 0070 - 0070 (0x1 bytes), align: 0
  Segment part 21. ROOT.      Intra module refs:   InitSysForActive
           ENTRY                   ADDRESS         REF BY
           =====                   =======         ======
           _A_U0CTL                0070 
    -------------------------------------------------------------------------
DATA16_AN
  Relative segment, address: 0071 - 0071 (0x1 bytes), align: 0
  Segment part 22. ROOT.      Intra module refs:   InitSysForActive
           ENTRY                   ADDRESS         REF BY
           =====                   =======         ======
           _A_U0TCTL               0071 
    -------------------------------------------------------------------------
DATA16_AN
  Relative segment, address: 0074 - 0074 (0x1 bytes), align: 0
  Segment part 23. ROOT.      Intra module refs:   InitSysForActive
           ENTRY                   ADDRESS         REF BY
           =====                   =======         ======
           U0BR0                   0074 
    -------------------------------------------------------------------------
DATA16_AN
  Relative segment, address: 0075 - 0075 (0x1 bytes), align: 0
  Segment part 24. ROOT.      Intra module refs:   InitSysForActive
           ENTRY                   ADDRESS         REF BY
           =====                   =======         ======
           U0BR1                   0075 
    -------------------------------------------------------------------------
DATA16_AN
  Relative segment, address: 0160 - 0161 (0x2 bytes), align: 0
  Segment part 25. ROOT.      Intra module refs:   InitSysForActive
                                                   InitSysForPowerOff
                                                   InitSysForStandby
                                                   Port2Int (main)
                                                   receive_int (main)
                                                   ta_compa_int (main)
           ENTRY                   ADDRESS         REF BY
           =====                   =======         ======
           _A_TACTL                0160 
    -------------------------------------------------------------------------
DATA16_AN
  Relative segment, address: 0162 - 0163 (0x2 bytes), align: 0
  Segment part 26. ROOT.      Intra module refs:   InitSysForActive
                                                   InitSysForPowerOff
                                                   InitSysForStandby
                                                   Port2Int (main)
           ENTRY                   ADDRESS         REF BY
           =====                   =======         ======
           _A_TACCTL0              0162 
    -------------------------------------------------------------------------
DATA16_AN
  Relative segment, address: 0164 - 0165 (0x2 bytes), align: 0
  Segment part 27. ROOT.      Intra module refs:   InitSysForActive
                                                   InitSysForPowerOff
                                                   InitSysForStandby
                                                   Port2Int (main)
                                                   receive_int (main)
                                                   ta_compa_int (main)
           ENTRY                   ADDRESS         REF BY
           =====                   =======         ======
           _A_TACCTL1              0164 
    -------------------------------------------------------------------------
DATA16_AN
  Relative segment, address: 0166 - 0167 (0x2 bytes), align: 0
  Segment part 28. ROOT.      Intra module refs:   InitSysForActive
                                                   InitSysForPowerOff
                                                   InitSysForStandby
                                                   InputDo (InputDo)
                                                   Port2Int (main)
                                                   main (main)
                                                   ta_compa_int (main)
           ENTRY                   ADDRESS         REF BY
           =====                   =======         ======
           _A_TACCTL2              0166 
    -------------------------------------------------------------------------
DATA16_AN
  Relative segment, address: 0170 - 0171 (0x2 bytes), align: 0
  Segment part 29. ROOT.      Intra module refs:   InitSysForActive
                                                   InitSysForStandby
                                                   receive_int (main)
           ENTRY                   ADDRESS         REF BY
           =====                   =======         ======
           TAR                     0170 
    -------------------------------------------------------------------------
DATA16_AN
  Relative segment, address: 0172 - 0173 (0x2 bytes), align: 0
  Segment part 30. ROOT.      Intra module refs:   InitSysForActive
           ENTRY                   ADDRESS         REF BY
           =====                   =======         ======
           TACCR0                  0172 
    -------------------------------------------------------------------------
DATA16_AN
  Relative segment, address: 0174 - 0175 (0x2 bytes), align: 0
  Segment part 31. ROOT.      Intra module refs:   InitSysForActive
                                                   receive_int (main)
                                                   ta_compa_int (main)
           ENTRY                   ADDRESS         REF BY
           =====                   =======         ======
           TACCR1                  0174 
    -------------------------------------------------------------------------
DATA16_AN
  Relative segment, address: 0180 - 0181 (0x2 bytes), align: 0
  Segment part 32. ROOT.      Intra module refs:   InitSysForActive
                                                   InitSysForPowerOff
                                                   InitSysForStandby
                                                   Port2Int (main)
                                                   TimerB1Int (main)
           ENTRY                   ADDRESS         REF BY
           =====                   =======         ======
           _A_TBCTL                0180 
    -------------------------------------------------------------------------
DATA16_AN
  Relative segment, address: 0182 - 0183 (0x2 bytes), align: 0
  Segment part 33. ROOT.      Intra module refs:   InitSysForActive
                                                   InitSysForPowerOff
                                                   InitSysForStandby
                                                   Port2Int (main)
           ENTRY                   ADDRESS         REF BY
           =====                   =======         ======
           _A_TBCCTL0              0182 
    -------------------------------------------------------------------------
DATA16_AN
  Relative segment, address: 0184 - 0185 (0x2 bytes), align: 0
  Segment part 34. ROOT.      Intra module refs:   InitSysForActive
                                                   InitSysForPowerOff
                                                   InitSysForStandby
                                                   Port2Int (main)
                                                   TimerB1Int (main)
           ENTRY                   ADDRESS         REF BY
           =====                   =======         ======
           _A_TBCCTL1              0184 
    -------------------------------------------------------------------------
DATA16_AN
  Relative segment, address: 0186 - 0187 (0x2 bytes), align: 0
  Segment part 35. ROOT.      Intra module refs:   InitSysForActive
                                                   InitSysForPowerOff
           ENTRY                   ADDRESS         REF BY
           =====                   =======         ======
           _A_TBCCTL2              0186 
    -------------------------------------------------------------------------
DATA16_AN
  Relative segment, address: 0190 - 0191 (0x2 bytes), align: 0
  Segment part 36. ROOT.      Intra module refs:   InitSysForActive
                                                   InitSysForPowerOff
                                                   InitSysForStandby
                                                   Port2Int (main)
                                                   TimerB1Int (main)
           ENTRY                   ADDRESS         REF BY
           =====                   =======         ======
           TBR                     0190 
    -------------------------------------------------------------------------
DATA16_AN
  Relative segment, address: 0192 - 0193 (0x2 bytes), align: 0
  Segment part 37. ROOT.      Intra module refs:   InitSysForStandby
           ENTRY                   ADDRESS         REF BY
           =====                   =======         ======
           TBCCR0                  0192 
    -------------------------------------------------------------------------
DATA16_AN
  Relative segment, address: 0194 - 0195 (0x2 bytes), align: 0
  Segment part 38. ROOT.      Intra module refs:   InitSysForActive
                                                   InitSysForPowerOff
                                                   Port2Int (main)
                                                   TimerB1Int (main)
           ENTRY                   ADDRESS         REF BY
           =====                   =======         ======
           TBCCR1                  0194 
    -------------------------------------------------------------------------
DATA16_AN
  Relative segment, address: 0058 - 0058 (0x1 bytes), align: 0
  Segment part 39. ROOT.      Intra module refs:   InitSysBasic
           ENTRY                   ADDRESS         REF BY
           =====                   =======         ======
           _A_BCSCTL2              0058 
    -------------------------------------------------------------------------
DATA16_AN
  Relative segment, address: 01A0 - 01A1 (0x2 bytes), align: 0
  Segment part 40. ROOT.      Intra module refs:   InitSysForActive
                                                   InitSysForPowerOff
                                                   InitSysForStandby
                                                   TimerB1Int (main)
                                                   main (main)
           ENTRY                   ADDRESS         REF BY
           =====                   =======         ======
           _A_ADC12CTL0            01A0 
    -------------------------------------------------------------------------
DATA16_AN
  Relative segment, address: 01A2 - 01A3 (0x2 bytes), align: 0
  Segment part 41. ROOT.      Intra module refs:   InitSysForActive
                                                   InitSysForPowerOff
                                                   InitSysForStandby
           ENTRY                   ADDRESS         REF BY
           =====                   =======         ======
           _A_ADC12CTL1            01A2 
    -------------------------------------------------------------------------
DATA16_AN
  Relative segment, address: 01A6 - 01A7 (0x2 bytes), align: 0
  Segment part 42. ROOT.      Intra module refs:   InitSysForPowerOff
                                                   InitSysForStandby
           ENTRY                   ADDRESS         REF BY
           =====                   =======         ======
           ADC12IE                 01A6 
    -------------------------------------------------------------------------
DATA16_AN
  Relative segment, address: 0082 - 0082 (0x1 bytes), align: 0
  Segment part 43. ROOT.      Intra module refs:   InitSysForActive
                                                   InitSysForPowerOff
                                                   InitSysForStandby
           ENTRY                   ADDRESS         REF BY
           =====                   =======         ======
           _A_ADC12MCTL2           0082 
    -------------------------------------------------------------------------
DATA16_AN
  Relative segment, address: 012A - 012B (0x2 bytes), align: 0
  Segment part 44. ROOT.      Intra module refs:   InitSysBasic
           ENTRY                   ADDRESS         REF BY
           =====                   =======         ======
           _A_FCTL2                012A 
    -------------------------------------------------------------------------
<CODE> 1 (was CODE)
  Relative segment, address: 6FB0 - 7003 (0x54 bytes), align: 1
  Segment part 49.
           ENTRY                   ADDRESS         REF BY
           =====                   =======         ======
           InitSysBasic            6FB0            main (main)
               CSTACK = 00000000 ( 00000002 )
    -------------------------------------------------------------------------
<CODE> 1 (was CODE)
  Relative segment, address: 6A1C - 6AA1 (0x86 bytes), align: 1
  Segment part 48.
           ENTRY                   ADDRESS         REF BY
           =====                   =======         ======
           InitSysForStandby       6A1C            GoIntoSleepMode (main)
               CSTACK = 00000000 ( 00000002 )
    -------------------------------------------------------------------------
<CODE> 1 (was CODE)
  Relative segment, address: 6C28 - 6C9D (0x76 bytes), align: 1
  Segment part 47.
           ENTRY                   ADDRESS         REF BY
           =====                   =======         ======
           InitSysForPowerOff      6C28            main (main)
               CSTACK = 00000000 ( 00000002 )
    -------------------------------------------------------------------------
<CODE> 1 (was CODE)
  Relative segment, address: 665C - 66FF (0xa4 bytes), align: 1
  Segment part 46.
           ENTRY                   ADDRESS         REF BY
           =====                   =======         ======
           InitSysForActive        665C            GoIntoActiveMode (main)
                                                   TimerB1Int (main)
                                                   main (main)
               CSTACK = 00000000 ( 00000002 )

    *************************************************************************

  FILE NAME : D:\wireless_test\Debug\Obj\InputDo.r43
  PROGRAM MODULE, NAME : InputDo

  SEGMENTS IN THE MODULE
  ======================
DATA16_AN
  Relative segment, address: 0176 - 0177 (0x2 bytes), align: 0
  Segment part 3. ROOT.       Intra module refs:   InputDo
           ENTRY                   ADDRESS         REF BY
           =====                   =======         ======
           TACCR2                  0176 
    -------------------------------------------------------------------------
<CODE> 1 (was CODE)
  Relative segment, address: 576A - 58E5 (0x17c bytes), align: 1
  Segment part 5.
           ENTRY                   ADDRESS         REF BY
           =====                   =======         ======
           InputDo                 576A            ta_compa_int (main)
               CSTACK = 00000000 ( 00000008 )

    *************************************************************************

  FILE NAME : D:\wireless_test\Debug\Obj\Key.r43
  PROGRAM MODULE, NAME : Key

  SEGMENTS IN THE MODULE
  ======================
<CODE> 1 (was CODE)
  Relative segment, address: 2BD6 - 3CE9 (0x1114 bytes), align: 1
  Segment part 6.
           ENTRY                   ADDRESS         REF BY
           =====                   =======         ======
           Key                     2BD6            main (main)
               calls direct
               CSTACK = 00000000 ( 00000004 )
    -------------------------------------------------------------------------
<CODE> 1 (was CODE)
  Relative segment, address: 67A4 - 6847 (0xa4 bytes), align: 1
  Segment part 5.             Intra module refs:   Key
           ENTRY                   ADDRESS         REF BY
           =====                   =======         ======
           DataDiv                 67A4 
               CSTACK = 00000000 ( 00000006 )
    -------------------------------------------------------------------------
<CODE> 1 (was CODE)
  Relative segment, address: 6C9E - 6D0F (0x72 bytes), align: 1
  Segment part 4.             Intra module refs:   Key
           ENTRY                   ADDRESS         REF BY
           =====                   =======         ======
           DataBak                 6C9E            CommSentData (CommDo)
               CSTACK = 00000000 ( 00000006 )
    -------------------------------------------------------------------------
<CODE> 1 (was CODE)
  Relative segment, address: 6E48 - 6EA7 (0x60 bytes), align: 1
  Segment part 3.             Intra module refs:   Key
           ENTRY                   ADDRESS         REF BY
           =====                   =======         ======
           DataRecover             6E48            CommSentData (CommDo)
               CSTACK = 00000000 ( 00000006 )
    -------------------------------------------------------------------------
<CODE> 1 (was CODE)
  Relative segment, address: 6EA8 - 6F03 (0x5c bytes), align: 1
  Segment part 2.
           ENTRY                   ADDRESS         REF BY
           =====                   =======         ======
           DataRecover888          6EA8            main (main)
               CSTACK = 00000000 ( 00000004 )

    *************************************************************************

[...]
          |  Already listed
  03      WriteCommand
          | Stack used (prev) :  00000012
          | + function block  :  00000002
          |  Already listed
  03      WriteCommand
          | Stack used (prev) :  00000012
          | + function block  :  00000002
          |  Already listed
  03      WriteCommand
          | Stack used (prev) :  00000012
          | + function block  :  00000002
          |  Already listed
  02    ClearLcdLine
        | Stack used (prev) :  00000024
        | + function block  :  00000002
  02    LcdTwoByteWrite
        | Stack used (prev) :  00000024
        | + function block  :  0000000C
        |  Already listed
  03      WriteData
          | Stack used (prev) :  00000022
          | + function block  :  00000002
          |  Already listed
  03      WriteData
          | Stack used (prev) :  00000022
          | + function block  :  00000002
          |  Already listed
  03      WriteCommand
          | Stack used (prev) :  00000012
          | + function block  :  00000002
          |  Already listed
  03      WriteCommand
          | Stack used (prev) :  00000012
          | + function block  :  00000002
          |  Already listed
  03      WriteCommand
          | Stack used (prev) :  00000012
          | + function block  :  00000002
          |  Already listed
  03      WriteCommand
          | Stack used (prev) :  00000012
          | + function block  :  00000002
          |  Already listed
  03      WriteCommand
          | Stack used (prev) :  00000012
          | + function block  :  00000002
          |  Already listed
  03      WriteCommand
          | Stack used (prev) :  00000012
          | + function block  :  00000002
          |  Already listed
  02    LcdOneByteWrite
        | Stack used (prev) :  00000024
        | + function block  :  00000008
  04        WriteData
            | Stack used (prev) :  00000022
            | + function block  :  00000002
            |  Already listed
  04        WriteCommand
            | Stack used (prev) :  00000012
            | + function block  :  00000002
            |  Already listed
  04        WriteCommand
            | Stack used (prev) :  00000012
            | + function block  :  00000002
            |  Already listed
  04        WriteCommand
            | Stack used (prev) :  00000012
            | + function block  :  00000002
            |  Already listed
  04        WriteCommand
            | Stack used (prev) :  00000012
            | + function block  :  00000002
            |  Already listed
  03      LcdClear
          | Stack used (prev) :  00000024
          | + function block  :  00000002
  03      WriteCommand
          | Stack used (prev) :  00000012
          | + function block  :  00000002
          |  Already listed
  03      WriteCommand
          | Stack used (prev) :  00000012
          | + function block  :  00000002
          |  Already listed
  03      WriteCommand
          | Stack used (prev) :  00000012
          | + function block  :  00000002
          |  Already listed
  03      WriteCommand
          | Stack used (prev) :  00000012
          | + function block  :  00000002
          |  Already listed
  03      WriteCommand
          | Stack used (prev) :  00000012
          | + function block  :  00000002
          |  Already listed
  03      WriteCommand
          | Stack used (prev) :  00000012
          | + function block  :  00000002
          |  Already listed
  03      WriteCommand
          | Stack used (prev) :  00000012
          | + function block  :  00000002
          |  Already listed
  03      WriteCommand
          | Stack used (prev) :  00000012
          | + function block  :  00000002
          |  Already listed
  03      WriteCommand
          | Stack used (prev) :  00000012
          | + function block  :  00000002
          |  Already listed
  03      WriteCommand
          | Stack used (prev) :  00000012
          | + function block  :  00000002
          |  Already listed
  03      WriteCommand
          | Stack used (prev) :  00000012
          | + function block  :  00000002
          |  Already listed
  03      WriteCommand
          | Stack used (prev) :  00000012
          | + function block  :  00000002
          |  Already listed
  03      WriteCommand
          | Stack used (prev) :  00000012
          | + function block  :  00000002
          |  Already listed
  03      WriteCommand
          | Stack used (prev) :  00000012
          | + function block  :  00000002
          |  Already listed
  03      WriteCommand
          | Stack used (prev) :  00000012
          | + function block  :  00000002
          |  Already listed
  03      WriteCommand
          | Stack used (prev) :  00000012
          | + function block  :  00000002
          |  Already listed
  03      WriteCommand
          | Stack used (prev) :  00000012
          | + function block  :  00000002
          |  Already listed
  02    LcdInit
        | Stack used (prev) :  00000026
        | + function block  :  00000002
  02    InitSysForActive
        | Stack used (prev) :  00000010
        | + function block  :  00000002
        |  Already listed
  04        WriteData
            | Stack used (prev) :  00000022
            | + function block  :  00000002
            |  Already listed
  04        WriteData
            | Stack used (prev) :  00000022
            | + function block  :  00000002
            |  Already listed
  04        WriteCommand
            | Stack used (prev) :  00000012
            | + function block  :  00000002
            |  Already listed
  04        WriteCommand
            | Stack used (prev) :  00000012
            | + function block  :  00000002
            |  Already listed
  04        WriteCommand
            | Stack used (prev) :  00000012
            | + function block  :  00000002
            |  Already listed
  04        WriteCommand
            | Stack used (prev) :  00000012
            | + function block  :  00000002
            |  Already listed
  04        WriteCommand
            | Stack used (prev) :  00000012
            | + function block  :  00000002
            |  Already listed
  04        WriteCommand
            | Stack used (prev) :  00000012
            | + function block  :  00000002
            |  Already listed
  03      LcdBoardWrite
          | Stack used (prev) :  00000024
          | + function block  :  00000004
  04        WriteData
            | Stack used (prev) :  00000022
            | + function block  :  00000002
            |  Already listed
  04        WriteData
            | Stack used (prev) :  00000022
            | + function block  :  00000002
            |  Already listed
  04        WriteCommand
            | Stack used (prev) :  00000012
            | + function block  :  00000002
            |  Already listed
  04        WriteCommand
            | Stack used (prev) :  00000012
            | + function block  :  00000002
            |  Already listed
  04        WriteCommand
            | Stack used (prev) :  00000012
            | + function block  :  00000002
            |  Already listed
  04        WriteCommand
            | Stack used (prev) :  00000012
            | + function block  :  00000002
            |  Already listed
  04        WriteCommand
            | Stack used (prev) :  00000012
            | + function block  :  00000002
            |  Already listed
  04        WriteCommand
            | Stack used (prev) :  00000012
            | + function block  :  00000002
            |  Already listed
  03      LcdDigitalWrite
          | Stack used (prev) :  00000024
          | + function block  :  00000006
  03      LcdPictureWrite
          | Stack used (prev) :  00000024
          | + function block  :  00000004
          |  Already listed
  03      ClearLcdLine
          | Stack used (prev) :  00000024
          | + function block  :  00000002
          |  Already listed
  03      LcdTwoByteWrite
          | Stack used (prev) :  00000024
          | + function block  :  0000000C
          |  Already listed
  03      LcdOneByteWrite
          | Stack used (prev) :  00000024
          | + function block  :  00000008
          |  Already listed
  04        LcdTwoByteWrite
            | Stack used (prev) :  00000024
            | + function block  :  0000000C
            |  Already listed
  04        LcdOneByteWrite
            | Stack used (prev) :  00000024
            | + function block  :  00000008
            |  Already listed
  03      DigitalRefresh
          | Stack used (prev) :  00000030
          | + function block  :  0000000A
  03      DigitalRefresh
          | Stack used (prev) :  00000030
          | + function block  :  0000000A
          |  Already listed
  03      DigitalRefresh
          | Stack used (prev) :  00000030
          | + function block  :  0000000A
          |  Already listed
  02    NormalDisp
        | Stack used (prev) :  0000003A
        | + function block  :  00000002
  02    DigitalRefresh
        | Stack used (prev) :  00000030
        | + function block  :  0000000A
        |  Already listed
  01  TimerB1Int
      | Stack used (prev) :  0000003C
      | + function block  :  0000000E
  <-Sub-tree of type: Interrupt function tree that does not make
                    : indirect calls
    | Stack used          :  0000004A


  ->Sub-tree of type: Interrupt function tree that does not make
                    : indirect calls
                             CSTACK
    | Stack used (prev) :  0000004A
  02    InputDo
        | Stack used (prev) :  0000004A
        | + function block  :  00000008
  01  ta_compa_int
      | Stack used (prev) :  00000052
      | + function block  :  0000000C
  <-Sub-tree of type: Interrupt function tree that does not make
                    : indirect calls
    | Stack used          :  0000005E


  ->Sub-tree of type: Interrupt function tree that does not make
                    : indirect calls
                             CSTACK
    | Stack used (prev) :  0000005E
  01  receive_int
      | Stack used (prev) :  0000005E
      | + function block  :  00000008
  <-Sub-tree of type: Interrupt function tree that does not make
                    : indirect calls
    | Stack used          :  00000066


  ->Sub-tree of type: Interrupt function tree that does not make
                    : indirect calls
                             CSTACK
    | Stack used (prev) :  00000066
  01  sent_int
      | Stack used (prev) :  00000066
      | + function block  :  00000006
  <-Sub-tree of type: Interrupt function tree that does not make
                    : indirect calls
    | Stack used          :  0000006C


  ->Sub-tree of type: Function tree
                             CSTACK
    | Stack used (prev) :  0000006C
  02    SPCInit
        | Stack used (prev) :  00000030
        | + function block  :  00000002
        |  Already listed
  02    ClearLcdLine
        | Stack used (prev) :  00000024
        | + function block  :  00000002
        |  Already listed
  02    LcdTwoByteWrite
        | Stack used (prev) :  00000024
        | + function block  :  0000000C
        |  Already listed
  02    LcdInit
        | Stack used (prev) :  00000026
        | + function block  :  00000002
        |  Already listed
  02    WriteCommand
        | Stack used (prev) :  00000012
        | + function block  :  00000002
        |  Already listed
  02    DataRecover888
        | Stack used (prev) :  0000006C
        | + function block  :  00000004
  03      ClearLcdLine
          | Stack used (prev) :  00000024
          | + function block  :  00000002
          |  Already listed
  03      LcdTwoByteWrite
          | Stack used (prev) :  00000024
          | + function block  :  0000000C
          |  Already listed
  03      LcdOneByteWrite
          | Stack used (prev) :  00000024
          | + function block  :  00000008
          |  Already listed
  03      DataRecover
          | Stack used (prev) :  0000006C
          | + function block  :  00000006
  03      DataBak
          | Stack used (prev) :  0000006C
          | + function block  :  00000006
  03      DataDiv
          | Stack used (prev) :  0000006C
          | + function block  :  00000006
  03      DataDiv
          | Stack used (prev) :  0000006C
          | + function block  :  00000006
          |  Already listed
  03      RDFlash
          | Stack used (prev) :  0000006C
          | + function block  :  00000004
  03      WRFlash
          | Stack used (prev) :  0000006C
          | + function block  :  00000002
  03      NormalDisp
          | Stack used (prev) :  0000003A
          | + function block  :  00000002
          |  Already listed
  04        ClearLcdLine
            | Stack used (prev) :  00000024
            | + function block  :  00000002
            |  Already listed
  04        LcdTwoByteWrite
            | Stack used (prev) :  00000024
            | + function block  :  0000000C
            |  Already listed
  03      MenuDisp
          | Stack used (prev) :  0000006C
          | + function block  :  00000002
  04        LcdOneByteWrite
            | Stack used (prev) :  00000024
            | + function block  :  00000008
            |  Already listed
  03      SetDataDisp
          | Stack used (prev) :  0000006C
          | + function block  :  0000000A
  02    Key
        | Stack used (prev) :  00000076
        | + function block  :  00000004
  02    InitSysForActive
        | Stack used (prev) :  00000010
        | + function block  :  00000002
        |  Already listed
  02    InitSysForPowerOff
        | Stack used (prev) :  0000006C
        | + function block  :  00000002
  02    InitSysBasic
        | Stack used (prev) :  0000006C
        | + function block  :  00000002
  02    RDFlash
        | Stack used (prev) :  0000006C
        | + function block  :  00000004
        |  Already listed
  02    WRFlash
        | Stack used (prev) :  0000006C
        | + function block  :  00000002
        |  Already listed
  02    NormalDisp
        | Stack used (prev) :  0000003A
        | + function block  :  00000002
        |  Already listed
  02    ConfigDataRead
        | Stack used (prev) :  0000006C
        | + function block  :  00000002
  02    ConfigDataWrite
        | Stack used (prev) :  0000006C
        | + function block  :  00000002
  03      CrcCheck
          | Stack used (prev) :  0000006C
          | + function block  :  00000004
  02    CommNormalData
        | Stack used (prev) :  00000070
        | + function block  :  00000004
  03      DataRecover
          | Stack used (prev) :  0000006C
          | + function block  :  00000006
          |  Already listed
  03      DataBak
          | Stack used (prev) :  0000006C
          | + function block  :  00000006
          |  Already listed
  03      RDFlash
          | Stack used (prev) :  0000006C
          | + function block  :  00000004
          |  Already listed
  03      WRFlash
          | Stack used (prev) :  0000006C
          | + function block  :  00000002
          |  Already listed
  03      NormalDisp
          | Stack used (prev) :  0000003A
          | + function block  :  00000002
          |  Already listed
  03      CrcCheck
          | Stack used (prev) :  0000006C
          | + function block  :  00000004
          |  Already listed
  03      CrcCheck
          | Stack used (prev) :  0000006C
          | + function block  :  00000004
          |  Already listed
  03      CrcCheck
          | Stack used (prev) :  0000006C
          | + function block  :  00000004
          |  Already listed
  03      CrcCheck
          | Stack used (prev) :  0000006C
          | + function block  :  00000004
          |  Already listed
  03      CommNormalData
          | Stack used (prev) :  00000070
          | + function block  :  00000004
          |  Already listed
  02    CommSentData
        | Stack used (prev) :  00000074
        | + function block  :  0000000A
  03      SearchTab
          | Stack used (prev) :  0000006C
          | + function block  :  00000014
  02    CalFromTab
        | Stack used (prev) :  00000080
        | + function block  :  00000014
  01  main
      | Stack used (prev) :  00000094
      | + function block  :  00000002
  <-Sub-tree of type: Function tree
    | Stack used          :  00000096


  ->Sub-tree of type: Function tree
                             CSTACK
    | Stack used (prev) :  00000096
  01  exit
      | Stack used (prev) :  00000096
      | + function block  :  00000002
  <-Sub-tree of type: Function tree
    | Stack used          :  00000098


  ->Sub-tree of type: Function tree
                             CSTACK
    | Stack used (prev) :  00000098
  01  __data16_memzero
      | Stack used (prev) :  00000098
      | + function block  :  00000002
  <-Sub-tree of type: Function tree
    | Stack used          :  0000009A




                ****************************************
                *                                      *
                *      SEGMENTS IN ADDRESS ORDER       *
                *                                      *
                ****************************************


SEGMENT              SPACE    START ADDRESS   END ADDRESS     SIZE  TYPE  ALIGN
=======              =====    =============   ===========     ====  ====  =====
DATA16_AN                              0000 - 0000               1   rel    0
                                       0004 - 0004               1 
                                       0019 - 001B               3 
                                       001D - 001E               2 
                                       0020 - 0026               7 
                                       0028 - 002D               6 
                                       0030 - 0032               3 
                                       0035 - 0037               3 
                                       0058 - 0058               1 
                                       0070 - 0071               2 
                                       0074 - 0077               4 
                                       0082 - 0082               1 
                                       011E - 0121               4 
                                       0128 - 012F               8 
                                       0144 - 0145               2 
                                       0160 - 0167               8 
                                       0170 - 0177               8 
                                       0180 - 0187               8 
                                       0190 - 0195               6 
                                       01A0 - 01A7               8 
                                       0200 - 0200               1 
DATA16_I                                  0201                       dse    0
DATA16_AN                              0202 - 0217              16   rel    0
                                       0292 - 02A0               F 
DATA16_Z                               02A2 - 0370              CF   rel    1
CSTACK                                 094C - 09FF              B4   rel    1
DATA16_C                               1100 - 2BBD            1ABE   rel    1
CSTART                                 2BBE - 2BD5              18   rel    1
<CODE> 1                               2BD6 - 73C7            47F2   rel    1
INTVEC                                 FFE0 - FFFB              1C   com    1
RESET                                  FFFE - FFFF               2   rel    1

                ****************************************
                *                                      *
                *        END OF CROSS REFERENCE        *
                *                                      *
                ****************************************

 18 472 bytes of CODE  memory
    387 bytes of DATA  memory (+ 124 absolute )
  6 846 bytes of CONST memory

Errors: none
Warnings: 20

